Archive member included to satisfy reference by file (symbol)

/Applications/Ac6/SystemWorkbench.app/Contents/Eclipse/plugins/fr.ac6.mcu.externaltools.arm-none.macos64_1.13.1.201703061524/tools/compiler/bin/../lib/gcc/arm-none-eabi/5.4.1/../../../../arm-none-eabi/lib/armv7e-m/fpu/fpv5-d16/libc_nano.a(lib_a-errno.o)
                              Src/syscalls.o (__errno)
/Applications/Ac6/SystemWorkbench.app/Contents/Eclipse/plugins/fr.ac6.mcu.externaltools.arm-none.macos64_1.13.1.201703061524/tools/compiler/bin/../lib/gcc/arm-none-eabi/5.4.1/../../../../arm-none-eabi/lib/armv7e-m/fpu/fpv5-d16/libc_nano.a(lib_a-exit.o)
                              /Applications/Ac6/SystemWorkbench.app/Contents/Eclipse/plugins/fr.ac6.mcu.externaltools.arm-none.macos64_1.13.1.201703061524/tools/compiler/bin/../lib/gcc/arm-none-eabi/5.4.1/../../../../arm-none-eabi/lib/armv7e-m/fpu/fpv5-d16/crt0.o (exit)
/Applications/Ac6/SystemWorkbench.app/Contents/Eclipse/plugins/fr.ac6.mcu.externaltools.arm-none.macos64_1.13.1.201703061524/tools/compiler/bin/../lib/gcc/arm-none-eabi/5.4.1/../../../../arm-none-eabi/lib/armv7e-m/fpu/fpv5-d16/libc_nano.a(lib_a-impure.o)
                              /Applications/Ac6/SystemWorkbench.app/Contents/Eclipse/plugins/fr.ac6.mcu.externaltools.arm-none.macos64_1.13.1.201703061524/tools/compiler/bin/../lib/gcc/arm-none-eabi/5.4.1/../../../../arm-none-eabi/lib/armv7e-m/fpu/fpv5-d16/libc_nano.a(lib_a-exit.o) (_global_impure_ptr)
/Applications/Ac6/SystemWorkbench.app/Contents/Eclipse/plugins/fr.ac6.mcu.externaltools.arm-none.macos64_1.13.1.201703061524/tools/compiler/bin/../lib/gcc/arm-none-eabi/5.4.1/../../../../arm-none-eabi/lib/armv7e-m/fpu/fpv5-d16/libc_nano.a(lib_a-init.o)
                              /Applications/Ac6/SystemWorkbench.app/Contents/Eclipse/plugins/fr.ac6.mcu.externaltools.arm-none.macos64_1.13.1.201703061524/tools/compiler/bin/../lib/gcc/arm-none-eabi/5.4.1/../../../../arm-none-eabi/lib/armv7e-m/fpu/fpv5-d16/crt0.o (__libc_init_array)
/Applications/Ac6/SystemWorkbench.app/Contents/Eclipse/plugins/fr.ac6.mcu.externaltools.arm-none.macos64_1.13.1.201703061524/tools/compiler/bin/../lib/gcc/arm-none-eabi/5.4.1/../../../../arm-none-eabi/lib/armv7e-m/fpu/fpv5-d16/libc_nano.a(lib_a-memset.o)
                              /Applications/Ac6/SystemWorkbench.app/Contents/Eclipse/plugins/fr.ac6.mcu.externaltools.arm-none.macos64_1.13.1.201703061524/tools/compiler/bin/../lib/gcc/arm-none-eabi/5.4.1/../../../../arm-none-eabi/lib/armv7e-m/fpu/fpv5-d16/crt0.o (memset)
/Applications/Ac6/SystemWorkbench.app/Contents/Eclipse/plugins/fr.ac6.mcu.externaltools.arm-none.macos64_1.13.1.201703061524/tools/compiler/bin/../lib/gcc/arm-none-eabi/5.4.1/../../../../arm-none-eabi/lib/armv7e-m/fpu/fpv5-d16/libc_nano.a(lib_a-puts.o)
                              Src/main.o (puts)
/Applications/Ac6/SystemWorkbench.app/Contents/Eclipse/plugins/fr.ac6.mcu.externaltools.arm-none.macos64_1.13.1.201703061524/tools/compiler/bin/../lib/gcc/arm-none-eabi/5.4.1/../../../../arm-none-eabi/lib/armv7e-m/fpu/fpv5-d16/libc_nano.a(lib_a-wbuf.o)
                              /Applications/Ac6/SystemWorkbench.app/Contents/Eclipse/plugins/fr.ac6.mcu.externaltools.arm-none.macos64_1.13.1.201703061524/tools/compiler/bin/../lib/gcc/arm-none-eabi/5.4.1/../../../../arm-none-eabi/lib/armv7e-m/fpu/fpv5-d16/libc_nano.a(lib_a-puts.o) (__swbuf_r)
/Applications/Ac6/SystemWorkbench.app/Contents/Eclipse/plugins/fr.ac6.mcu.externaltools.arm-none.macos64_1.13.1.201703061524/tools/compiler/bin/../lib/gcc/arm-none-eabi/5.4.1/../../../../arm-none-eabi/lib/armv7e-m/fpu/fpv5-d16/libc_nano.a(lib_a-wsetup.o)
                              /Applications/Ac6/SystemWorkbench.app/Contents/Eclipse/plugins/fr.ac6.mcu.externaltools.arm-none.macos64_1.13.1.201703061524/tools/compiler/bin/../lib/gcc/arm-none-eabi/5.4.1/../../../../arm-none-eabi/lib/armv7e-m/fpu/fpv5-d16/libc_nano.a(lib_a-puts.o) (__swsetup_r)
/Applications/Ac6/SystemWorkbench.app/Contents/Eclipse/plugins/fr.ac6.mcu.externaltools.arm-none.macos64_1.13.1.201703061524/tools/compiler/bin/../lib/gcc/arm-none-eabi/5.4.1/../../../../arm-none-eabi/lib/armv7e-m/fpu/fpv5-d16/libc_nano.a(lib_a-fflush.o)
                              /Applications/Ac6/SystemWorkbench.app/Contents/Eclipse/plugins/fr.ac6.mcu.externaltools.arm-none.macos64_1.13.1.201703061524/tools/compiler/bin/../lib/gcc/arm-none-eabi/5.4.1/../../../../arm-none-eabi/lib/armv7e-m/fpu/fpv5-d16/libc_nano.a(lib_a-wbuf.o) (_fflush_r)
/Applications/Ac6/SystemWorkbench.app/Contents/Eclipse/plugins/fr.ac6.mcu.externaltools.arm-none.macos64_1.13.1.201703061524/tools/compiler/bin/../lib/gcc/arm-none-eabi/5.4.1/../../../../arm-none-eabi/lib/armv7e-m/fpu/fpv5-d16/libc_nano.a(lib_a-findfp.o)
[...]
Memory Configuration

Name             Origin             Length             Attributes
RAM              0x0000000020000000 0x0000000000080000 xrw
FLASH            0x0000000008000000 0x0000000000200000 xr
*default*        0x0000000000000000 0xffffffffffffffff

Linker script and memory map

LOAD /Applications/Ac6/SystemWorkbench.app/Contents/Eclipse/plugins/fr.ac6.mcu.externaltools.arm-none.macos64_1.13.1.201703061524/tools/compiler/bin/../lib/gcc/arm-none-eabi/5.4.1/armv7e-m/fpu/fpv5-d16/crti.o
LOAD /Applications/Ac6/SystemWorkbench.app/Contents/Eclipse/plugins/fr.ac6.mcu.externaltools.arm-none.macos64_1.13.1.201703061524/tools/compiler/bin/../lib/gcc/arm-none-eabi/5.4.1/armv7e-m/fpu/fpv5-d16/crtbegin.o
LOAD /Applications/Ac6/SystemWorkbench.app/Contents/Eclipse/plugins/fr.ac6.mcu.externaltools.arm-none.macos64_1.13.1.201703061524/tools/compiler/bin/../lib/gcc/arm-none-eabi/5.4.1/../../../../arm-none-eabi/lib/armv7e-m/fpu/fpv5-d16/crt0.o
LOAD /Applications/Ac6/SystemWorkbench.app/Contents/Eclipse/plugins/fr.ac6.mcu.externaltools.arm-none.macos64_1.13.1.201703061524/tools/compiler/bin/../lib/gcc/arm-none-eabi/5.4.1/../../../../arm-none-eabi/lib/armv7e-m/fpu/fpv5-d16/libm.a
LOAD Drivers/BSP/Components/adv7533/adv7533.o
LOAD Drivers/BSP/Components/ft6x06/ft6x06.o
LOAD Drivers/BSP/Components/otm8009a/otm8009a.o
LOAD Drivers/BSP/STM32F769I-Discovery/stm32f769i_discovery.o
LOAD Drivers/BSP/STM32F769I-Discovery/stm32f769i_discovery_lcd.o
LOAD Drivers/BSP/STM32F769I-Discovery/stm32f769i_discovery_qspi.o
LOAD Drivers/BSP/STM32F769I-Discovery/stm32f769i_discovery_sdram.o
LOAD Drivers/BSP/STM32F769I-Discovery/stm32f769i_discovery_ts.o
LOAD Drivers/STM32F7xx_HAL_Driver/Src/stm32f7xx_hal.o
LOAD Drivers/STM32F7xx_HAL_Driver/Src/stm32f7xx_hal_cortex.o
LOAD Drivers/STM32F7xx_HAL_Driver/Src/stm32f7xx_hal_dma.o
LOAD Drivers/STM32F7xx_HAL_Driver/Src/stm32f7xx_hal_dma2d.o
LOAD Drivers/STM32F7xx_HAL_Driver/Src/stm32f7xx_hal_dma_ex.o
LOAD Drivers/STM32F7xx_HAL_Driver/Src/stm32f7xx_hal_dsi.o
LOAD Drivers/STM32F7xx_HAL_Driver/Src/stm32f7xx_hal_flash.o
LOAD Drivers/STM32F7xx_HAL_Driver/Src/stm32f7xx_hal_flash_ex.o
LOAD Drivers/STM32F7xx_HAL_Driver/Src/stm32f7xx_hal_gpio.o
LOAD Drivers/STM32F7xx_HAL_Driver/Src/stm32f7xx_hal_i2c.o
LOAD Drivers/STM32F7xx_HAL_Driver/Src/stm32f7xx_hal_i2c_ex.o
LOAD Drivers/STM32F7xx_HAL_Driver/Src/stm32f7xx_hal_ltdc.o
LOAD Drivers/STM32F7xx_HAL_Driver/Src/stm32f7xx_hal_ltdc_ex.o
LOAD Drivers/STM32F7xx_HAL_Driver/Src/stm32f7xx_hal_pwr.o
LOAD Drivers/STM32F7xx_HAL_Driver/Src/stm32f7xx_hal_pwr_ex.o
LOAD Drivers/STM32F7xx_HAL_Driver/Src/stm32f7xx_hal_qspi.o
LOAD Drivers/STM32F7xx_HAL_Driver/Src/stm32f7xx_hal_rcc.o
LOAD Drivers/STM32F7xx_HAL_Driver/Src/stm32f7xx_hal_rcc_ex.o
LOAD Drivers/STM32F7xx_HAL_Driver/Src/stm32f7xx_hal_sdram.o
LOAD Drivers/STM32F7xx_HAL_Driver/Src/stm32f7xx_hal_tim.o
LOAD Drivers/STM32F7xx_HAL_Driver/Src/stm32f7xx_hal_tim_ex.o
LOAD Drivers/STM32F7xx_HAL_Driver/Src/stm32f7xx_hal_uart.o
LOAD Drivers/STM32F7xx_HAL_Driver/Src/stm32f7xx_ll_fmc.o
LOAD Src/main.o
LOAD Src/stm32f7xx_hal_msp.o
LOAD Src/stm32f7xx_it.o
LOAD Src/syscalls.o
LOAD Src/system_stm32f7xx.o
LOAD startup/startup_stm32f769xx.o
START GROUP
LOAD /Applications/Ac6/SystemWorkbench.app/Contents/Eclipse/plugins/fr.ac6.mcu.externaltools.arm-none.macos64_1.13.1.201703061524/tools/compiler/bin/../lib/gcc/arm-none-eabi/5.4.1/armv7e-m/fpu/fpv5-d16/libgcc.a
LOAD /Applications/Ac6/SystemWorkbench.app/Contents/Eclipse/plugins/fr.ac6.mcu.externaltools.arm-none.macos64_1.13.1.201703061524/tools/compiler/bin/../lib/gcc/arm-none-eabi/5.4.1/../../../../arm-none-eabi/lib/armv7e-m/fpu/fpv5-d16/libc_nano.a
END GROUP
START GROUP
LOAD /Applications/Ac6/SystemWorkbench.app/Contents/Eclipse/plugins/fr.ac6.mcu.externaltools.arm-none.macos64_1.13.1.201703061524/tools/compiler/bin/../lib/gcc/arm-none-eabi/5.4.1/armv7e-m/fpu/fpv5-d16/libgcc.a
LOAD /Applications/Ac6/SystemWorkbench.app/Contents/Eclipse/plugins/fr.ac6.mcu.externaltools.arm-none.macos64_1.13.1.201703061524/tools/compiler/bin/../lib/gcc/arm-none-eabi/5.4.1/../../../../arm-none-eabi/lib/armv7e-m/fpu/fpv5-d16/libc_nano.a
LOAD /Applications/Ac6/SystemWorkbench.app/Contents/Eclipse/plugins/fr.ac6.mcu.externaltools.arm-none.macos64_1.13.1.201703061524/tools/compiler/bin/../lib/gcc/arm-none-eabi/5.4.1/../../../../arm-none-eabi/lib/armv7e-m/fpu/fpv5-d16/libnosys.a
END GROUP
START GROUP
LOAD /Applications/Ac6/SystemWorkbench.app/Contents/Eclipse/plugins/fr.ac6.mcu.externaltools.arm-none.macos64_1.13.1.201703061524/tools/compiler/bin/../lib/gcc/arm-none-eabi/5.4.1/armv7e-m/fpu/fpv5-d16/libgcc.a
LOAD /Applications/Ac6/SystemWorkbench.app/Contents/Eclipse/plugins/fr.ac6.mcu.externaltools.arm-none.macos64_1.13.1.201703061524/tools/compiler/bin/../lib/gcc/arm-none-eabi/5.4.1/../../../../arm-none-eabi/lib/armv7e-m/fpu/fpv5-d16/libc_nano.a
LOAD /Applications/Ac6/SystemWorkbench.app/Contents/Eclipse/plugins/fr.ac6.mcu.externaltools.arm-none.macos64_1.13.1.201703061524/tools/compiler/bin/../lib/gcc/arm-none-eabi/5.4.1/../../../../arm-none-eabi/lib/armv7e-m/fpu/fpv5-d16/libnosys.a
END GROUP
LOAD /Applications/Ac6/SystemWorkbench.app/Contents/Eclipse/plugins/fr.ac6.mcu.externaltools.arm-none.macos64_1.13.1.201703061524/tools/compiler/bin/../lib/gcc/arm-none-eabi/5.4.1/armv7e-m/fpu/fpv5-d16/crtend.o
LOAD /Applications/Ac6/SystemWorkbench.app/Contents/Eclipse/plugins/fr.ac6.mcu.externaltools.arm-none.macos64_1.13.1.201703061524/tools/compiler/bin/../lib/gcc/arm-none-eabi/5.4.1/armv7e-m/fpu/fpv5-d16/crtn.o
                0x0000000020080000                _estack = 0x20080000
                0x0000000000009000                _Min_Heap_Size = 0x9000
                0x0000000000002000                _Min_Stack_Size = 0x2000

.isr_vector     0x0000000008000000      0x1f8
                0x0000000008000000                . = ALIGN (0x4)
 *(.isr_vector)
 .isr_vector    0x0000000008000000      0x1f8 startup/startup_stm32f769xx.o
                0x0000000008000000                g_pfnVectors
                0x00000000080001f8                . = ALIGN (0x4)

.text           0x00000000080001f8     0x6530
                0x00000000080001f8                . = ALIGN (0x4)
 *(.text)
 .text          0x00000000080001f8       0x5c /Applications/Ac6/SystemWorkbench.app/Contents/Eclipse/plugins/fr.ac6.mcu.externaltools.arm-none.macos64_1.13.1.201703061524/tools/compiler/bin/../lib/gcc/arm-none-eabi/5.4.1/armv7e-m/fpu/fpv5-d16/crtbegin.o
 *(.text*)
 .text.ft6x06_Reset
                0x0000000008000254        0x4 Drivers/BSP/Components/ft6x06/ft6x06.o
                0x0000000008000254                ft6x06_Reset
 .text.ft6x06_TS_ITStatus
                0x0000000008000258        0x4 Drivers/BSP/Components/ft6x06/ft6x06.o
                0x0000000008000258                ft6x06_TS_ITStatus
 .text.ft6x06_TS_ClearIT
                0x000000000800025c        0x4 Drivers/BSP/Components/ft6x06/ft6x06.o
                0x000000000800025c                ft6x06_TS_ClearIT
 .text.ft6x06_GetInstance
                0x0000000008000260       0x20 Drivers/BSP/Components/ft6x06/ft6x06.o
 .text.ft6x06_Init
                0x0000000008000280       0x24 Drivers/BSP/Components/ft6x06/ft6x06.o
                0x0000000008000280                ft6x06_Init
 .text.ft6x06_ReadID
                0x00000000080002a4       0x14 Drivers/BSP/Components/ft6x06/ft6x06.o
                0x00000000080002a4                ft6x06_ReadID
 .text.ft6x06_TS_DetectTouch
                0x00000000080002b8       0x4c Drivers/BSP/Components/ft6x06/ft6x06.o
                0x00000000080002b8                ft6x06_TS_DetectTouch
 .text.ft6x06_TS_GetXY
                0x0000000008000304       0x64 Drivers/BSP/Components/ft6x06/ft6x06.o
                0x0000000008000304                ft6x06_TS_GetXY
 .text.ft6x06_TS_EnableIT
                0x0000000008000368       0x10 Drivers/BSP/Components/ft6x06/ft6x06.o
                0x0000000008000368                ft6x06_TS_EnableIT
 .text.ft6x06_TS_DisableIT
                0x0000000008000378       0x10 Drivers/BSP/Components/ft6x06/ft6x06.o
                0x0000000008000378                ft6x06_TS_DisableIT
 .text.ft6x06_TS_Start
                0x0000000008000388        0x8 Drivers/BSP/Components/ft6x06/ft6x06.o
                0x0000000008000388                ft6x06_TS_Start
 .text.OTM8009A_Init
                0x0000000008000390      0x410 Drivers/BSP/Components/otm8009a/otm8009a.o
                0x0000000008000390                OTM8009A_Init
 .text.I2Cx_MspInit
                0x00000000080007a0      0x13c Drivers/BSP/STM32F769I-Discovery/stm32f769i_discovery.o
 .text.I2Cx_Init
                0x00000000080008dc       0x4c Drivers/BSP/STM32F769I-Discovery/stm32f769i_discovery.o
 .text.I2Cx_Error
                0x0000000008000928       0x10 Drivers/BSP/STM32F769I-Discovery/stm32f769i_discovery.o
 .text.I2Cx_WriteMultiple
                0x0000000008000938       0x30 Drivers/BSP/STM32F769I-Discovery/stm32f769i_discovery.o
 .text.I2Cx_ReadMultiple
                0x0000000008000968       0x30 Drivers/BSP/STM32F769I-Discovery/stm32f769i_discovery.o
 .text.TS_IO_Init
                0x0000000008000998       0x10 Drivers/BSP/STM32F769I-Discovery/stm32f769i_discovery.o
                0x0000000008000998                TS_IO_Init
 .text.TS_IO_Write
                0x00000000080009a8       0x24 Drivers/BSP/STM32F769I-Discovery/stm32f769i_discovery.o
                0x00000000080009a8                TS_IO_Write
 .text.TS_IO_Read
                0x00000000080009cc       0x2c Drivers/BSP/STM32F769I-Discovery/stm32f769i_discovery.o
                0x00000000080009cc                TS_IO_Read
 .text.TS_IO_ReadMultiple
                0x00000000080009f8       0x20 Drivers/BSP/STM32F769I-Discovery/stm32f769i_discovery.o
                0x00000000080009f8                TS_IO_ReadMultiple
 .text.OTM8009A_IO_Delay
                0x0000000008000a18        0x8 Drivers/BSP/STM32F769I-Discovery/stm32f769i_discovery.o
                0x0000000008000a18                OTM8009A_IO_Delay
 .text.LCD_IO_GetID
                0x0000000008000a20        0x4 Drivers/BSP/STM32F769I-Discovery/stm32f769i_discovery_lcd.o
 .text.LL_FillBuffer
                0x0000000008000a24       0x54 Drivers/BSP/STM32F769I-Discovery/stm32f769i_discovery_lcd.o
 .text.LL_ConvertLineToARGB8888
                0x0000000008000a78       0x5c Drivers/BSP/STM32F769I-Discovery/stm32f769i_discovery_lcd.o
 .text.BSP_LCD_Reset
                0x0000000008000ad4       0x60 Drivers/BSP/STM32F769I-Discovery/stm32f769i_discovery_lcd.o
                0x0000000008000ad4                BSP_LCD_Reset
 .text.BSP_LCD_GetXSize
                0x0000000008000b34        0xc Drivers/BSP/STM32F769I-Discovery/stm32f769i_discovery_lcd.o
                0x0000000008000b34                BSP_LCD_GetXSize
 .text.BSP_LCD_GetYSize
                0x0000000008000b40        0xc Drivers/BSP/STM32F769I-Discovery/stm32f769i_discovery_lcd.o
                0x0000000008000b40                BSP_LCD_GetYSize
 .text.BSP_LCD_LayerDefaultInit
                0x0000000008000b4c       0x80 Drivers/BSP/STM32F769I-Discovery/stm32f769i_discovery_lcd.o
                0x0000000008000b4c                BSP_LCD_LayerDefaultInit
 .text.BSP_LCD_SelectLayer
                0x0000000008000bcc        0xc Drivers/BSP/STM32F769I-Discovery/stm32f769i_discovery_lcd.o
                0x0000000008000bcc                BSP_LCD_SelectLayer
 .text.BSP_LCD_SetTransparency
                0x0000000008000bd8       0x10 Drivers/BSP/STM32F769I-Discovery/stm32f769i_discovery_lcd.o
                0x0000000008000bd8                BSP_LCD_SetTransparency
 .text.BSP_LCD_SetFont
                0x0000000008000be8       0x14 Drivers/BSP/STM32F769I-Discovery/stm32f769i_discovery_lcd.o
                0x0000000008000be8                BSP_LCD_SetFont
 .text.BSP_LCD_Clear
                0x0000000008000bfc       0x3c Drivers/BSP/STM32F769I-Discovery/stm32f769i_discovery_lcd.o
                0x0000000008000bfc                BSP_LCD_Clear
 .text.BSP_LCD_DrawBitmap
                0x0000000008000c38       0xa8 Drivers/BSP/STM32F769I-Discovery/stm32f769i_discovery_lcd.o
                0x0000000008000c38                BSP_LCD_DrawBitmap
 .text.DSI_IO_WriteCmd
                0x0000000008000ce0       0x38 Drivers/BSP/STM32F769I-Discovery/stm32f769i_discovery_lcd.o
                0x0000000008000ce0                DSI_IO_WriteCmd
 .text.BSP_LCD_MspInit
                0x0000000008000d18       0xa8 Drivers/BSP/STM32F769I-Discovery/stm32f769i_discovery_lcd.o
                0x0000000008000d18                BSP_LCD_MspInit
 .text.BSP_LCD_InitEx
                0x0000000008000dc0      0x1a0 Drivers/BSP/STM32F769I-Discovery/stm32f769i_discovery_lcd.o
                0x0000000008000dc0                BSP_LCD_InitEx
 .text.BSP_LCD_Init
                0x0000000008000f60        0xc Drivers/BSP/STM32F769I-Discovery/stm32f769i_discovery_lcd.o
                0x0000000008000f60                BSP_LCD_Init
 .text.QSPI_EnterMemory_QPI
                0x0000000008000f6c       0x74 Drivers/BSP/STM32F769I-Discovery/stm32f769i_discovery_qspi.o
 .text.QSPI_WriteEnable
                0x0000000008000fe0       0x6c Drivers/BSP/STM32F769I-Discovery/stm32f769i_discovery_qspi.o
 .text.QSPI_AutoPollingMemReady
                0x000000000800104c       0x50 Drivers/BSP/STM32F769I-Discovery/stm32f769i_discovery_qspi.o
 .text.QSPI_EnterFourBytesAddress
                0x000000000800109c       0x54 Drivers/BSP/STM32F769I-Discovery/stm32f769i_discovery_qspi.o
 .text.QSPI_ResetMemory
                0x00000000080010f0      0x1e4 Drivers/BSP/STM32F769I-Discovery/stm32f769i_discovery_qspi.o
 .text.QSPI_DummyCyclesCfg
                0x00000000080012d4      0x118 Drivers/BSP/STM32F769I-Discovery/stm32f769i_discovery_qspi.o
 .text.QSPI_OutDrvStrengthCfg
                0x00000000080013ec      0x114 Drivers/BSP/STM32F769I-Discovery/stm32f769i_discovery_qspi.o
 .text.BSP_QSPI_EnableMemoryMappedMode
                0x0000000008001500       0x50 Drivers/BSP/STM32F769I-Discovery/stm32f769i_discovery_qspi.o
                0x0000000008001500                BSP_QSPI_EnableMemoryMappedMode
 .text.BSP_QSPI_MspInit
                0x0000000008001550      0x128 Drivers/BSP/STM32F769I-Discovery/stm32f769i_discovery_qspi.o
                0x0000000008001550                BSP_QSPI_MspInit
 .text.BSP_QSPI_Init
                0x0000000008001678       0x98 Drivers/BSP/STM32F769I-Discovery/stm32f769i_discovery_qspi.o
                0x0000000008001678                BSP_QSPI_Init
 .text.BSP_SDRAM_Initialization_sequence
                0x0000000008001710       0x9c Drivers/BSP/STM32F769I-Discovery/stm32f769i_discovery_sdram.o
                0x0000000008001710                BSP_SDRAM_Initialization_sequence
 .text.BSP_SDRAM_MspInit
                0x00000000080017ac      0x184 Drivers/BSP/STM32F769I-Discovery/stm32f769i_discovery_sdram.o
                0x00000000080017ac                BSP_SDRAM_MspInit
 .text.BSP_SDRAM_Init
                0x0000000008001930       0x88 Drivers/BSP/STM32F769I-Discovery/stm32f769i_discovery_sdram.o
                0x0000000008001930                BSP_SDRAM_Init
 .text.BSP_TS_Init
                0x00000000080019b8       0x78 Drivers/BSP/STM32F769I-Discovery/stm32f769i_discovery_ts.o
                0x00000000080019b8                BSP_TS_Init
 .text.HAL_InitTick
                0x0000000008001a30       0x2c Drivers/STM32F7xx_HAL_Driver/Src/stm32f7xx_hal.o
                0x0000000008001a30                HAL_InitTick
 .text.HAL_Init
                0x0000000008001a5c       0x18 Drivers/STM32F7xx_HAL_Driver/Src/stm32f7xx_hal.o
                0x0000000008001a5c                HAL_Init
 .text.HAL_IncTick
                0x0000000008001a74       0x10 Drivers/STM32F7xx_HAL_Driver/Src/stm32f7xx_hal.o
                0x0000000008001a74                HAL_IncTick
 .text.HAL_GetTick
                0x0000000008001a84        0xc Drivers/STM32F7xx_HAL_Driver/Src/stm32f7xx_hal.o
                0x0000000008001a84                HAL_GetTick
 .text.HAL_Delay
                0x0000000008001a90       0x1c Drivers/STM32F7xx_HAL_Driver/Src/stm32f7xx_hal.o
                0x0000000008001a90                HAL_Delay
 .text.HAL_NVIC_SetPriorityGrouping
                0x0000000008001aac       0x24 Drivers/STM32F7xx_HAL_Driver/Src/stm32f7xx_hal_cortex.o
                0x0000000008001aac                HAL_NVIC_SetPriorityGrouping
 .text.HAL_NVIC_SetPriority
                0x0000000008001ad0       0x60 Drivers/STM32F7xx_HAL_Driver/Src/stm32f7xx_hal_cortex.o
                0x0000000008001ad0                HAL_NVIC_SetPriority
 .text.HAL_NVIC_EnableIRQ
                0x0000000008001b30       0x18 Drivers/STM32F7xx_HAL_Driver/Src/stm32f7xx_hal_cortex.o
                0x0000000008001b30                HAL_NVIC_EnableIRQ
 .text.HAL_SYSTICK_Config
                0x0000000008001b48       0x2c Drivers/STM32F7xx_HAL_Driver/Src/stm32f7xx_hal_cortex.o
                0x0000000008001b48                HAL_SYSTICK_Config
 .text.HAL_MPU_Disable
                0x0000000008001b74       0x20 Drivers/STM32F7xx_HAL_Driver/Src/stm32f7xx_hal_cortex.o
                0x0000000008001b74                HAL_MPU_Disable
 .text.HAL_MPU_Enable
                0x0000000008001b94       0x24 Drivers/STM32F7xx_HAL_Driver/Src/stm32f7xx_hal_cortex.o
                0x0000000008001b94                HAL_MPU_Enable
 .text.HAL_MPU_ConfigRegion
                0x0000000008001bb8       0x54 Drivers/STM32F7xx_HAL_Driver/Src/stm32f7xx_hal_cortex.o
                0x0000000008001bb8                HAL_MPU_ConfigRegion
 .text.HAL_SYSTICK_CLKSourceConfig
                0x0000000008001c0c       0x20 Drivers/STM32F7xx_HAL_Driver/Src/stm32f7xx_hal_cortex.o
                0x0000000008001c0c                HAL_SYSTICK_CLKSourceConfig
 .text.HAL_SYSTICK_Callback
                0x0000000008001c2c        0x4 Drivers/STM32F7xx_HAL_Driver/Src/stm32f7xx_hal_cortex.o
                0x0000000008001c2c                HAL_SYSTICK_Callback
 .text.HAL_SYSTICK_IRQHandler
                0x0000000008001c30        0x8 Drivers/STM32F7xx_HAL_Driver/Src/stm32f7xx_hal_cortex.o
                0x0000000008001c30                HAL_SYSTICK_IRQHandler
 .text.DMA_CalcBaseAndBitshift
                0x0000000008001c38       0x38 Drivers/STM32F7xx_HAL_Driver/Src/stm32f7xx_hal_dma.o
 .text.DMA_CheckFifoParam
                0x0000000008001c70       0x90 Drivers/STM32F7xx_HAL_Driver/Src/stm32f7xx_hal_dma.o
 .text.HAL_DMA_Init
                0x0000000008001d00       0xd0 Drivers/STM32F7xx_HAL_Driver/Src/stm32f7xx_hal_dma.o
                0x0000000008001d00                HAL_DMA_Init
 .text.HAL_DMA_DeInit
                0x0000000008001dd0       0x58 Drivers/STM32F7xx_HAL_Driver/Src/stm32f7xx_hal_dma.o
                0x0000000008001dd0                HAL_DMA_DeInit
 .text.DMA2D_SetConfig
                0x0000000008001e28       0xa8 Drivers/STM32F7xx_HAL_Driver/Src/stm32f7xx_hal_dma2d.o
 .text.HAL_DMA2D_MspInit
                0x0000000008001ed0        0x4 Drivers/STM32F7xx_HAL_Driver/Src/stm32f7xx_hal_dma2d.o
                0x0000000008001ed0                HAL_DMA2D_MspInit
 .text.HAL_DMA2D_Init
                0x0000000008001ed4       0x98 Drivers/STM32F7xx_HAL_Driver/Src/stm32f7xx_hal_dma2d.o
                0x0000000008001ed4                HAL_DMA2D_Init
 .text.HAL_DMA2D_Start
                0x0000000008001f6c       0x38 Drivers/STM32F7xx_HAL_Driver/Src/stm32f7xx_hal_dma2d.o
                0x0000000008001f6c                HAL_DMA2D_Start
 .text.HAL_DMA2D_PollForTransfer
                0x0000000008001fa4      0x144 Drivers/STM32F7xx_HAL_Driver/Src/stm32f7xx_hal_dma2d.o
                0x0000000008001fa4                HAL_DMA2D_PollForTransfer
 .text.HAL_DMA2D_ConfigLayer
                0x00000000080020e8      0x114 Drivers/STM32F7xx_HAL_Driver/Src/stm32f7xx_hal_dma2d.o
                0x00000000080020e8                HAL_DMA2D_ConfigLayer
 .text.DSI_ConfigPacketHeader
                0x00000000080021fc       0x14 Drivers/STM32F7xx_HAL_Driver/Src/stm32f7xx_hal_dsi.o
 .text.HAL_DSI_MspInit
                0x0000000008002210        0x4 Drivers/STM32F7xx_HAL_Driver/Src/stm32f7xx_hal_dsi.o
                0x0000000008002210                HAL_DSI_MspInit
 .text.HAL_DSI_Init
                0x0000000008002214      0x164 Drivers/STM32F7xx_HAL_Driver/Src/stm32f7xx_hal_dsi.o
                0x0000000008002214                HAL_DSI_Init
 .text.HAL_DSI_MspDeInit
                0x0000000008002378        0x4 Drivers/STM32F7xx_HAL_Driver/Src/stm32f7xx_hal_dsi.o
                0x0000000008002378                HAL_DSI_MspDeInit
 .text.HAL_DSI_DeInit
                0x000000000800237c       0x60 Drivers/STM32F7xx_HAL_Driver/Src/stm32f7xx_hal_dsi.o
                0x000000000800237c                HAL_DSI_DeInit
 .text.HAL_DSI_ConfigVideoMode
                0x00000000080023dc      0x264 Drivers/STM32F7xx_HAL_Driver/Src/stm32f7xx_hal_dsi.o
                0x00000000080023dc                HAL_DSI_ConfigVideoMode
 .text.HAL_DSI_Start
                0x0000000008002640       0x30 Drivers/STM32F7xx_HAL_Driver/Src/stm32f7xx_hal_dsi.o
                0x0000000008002640                HAL_DSI_Start
 .text.HAL_DSI_ShortWrite
                0x0000000008002670       0x5c Drivers/STM32F7xx_HAL_Driver/Src/stm32f7xx_hal_dsi.o
                0x0000000008002670                HAL_DSI_ShortWrite
 .text.HAL_DSI_LongWrite
                0x00000000080026cc       0xac Drivers/STM32F7xx_HAL_Driver/Src/stm32f7xx_hal_dsi.o
                0x00000000080026cc                HAL_DSI_LongWrite
 .text.HAL_GPIO_Init
                0x0000000008002778      0x1d4 Drivers/STM32F7xx_HAL_Driver/Src/stm32f7xx_hal_gpio.o
                0x0000000008002778                HAL_GPIO_Init
 .text.HAL_GPIO_WritePin
                0x000000000800294c        0xc Drivers/STM32F7xx_HAL_Driver/Src/stm32f7xx_hal_gpio.o
                0x000000000800294c                HAL_GPIO_WritePin
 .text.I2C_Flush_TXDR
                0x0000000008002958       0x24 Drivers/STM32F7xx_HAL_Driver/Src/stm32f7xx_hal_i2c.o
 .text.I2C_TransferConfig
                0x000000000800297c       0x24 Drivers/STM32F7xx_HAL_Driver/Src/stm32f7xx_hal_i2c.o
 .text.I2C_IsAcknowledgeFailed
                0x00000000080029a0       0x84 Drivers/STM32F7xx_HAL_Driver/Src/stm32f7xx_hal_i2c.o
 .text.I2C_WaitOnTXISFlagUntilTimeout
                0x0000000008002a24       0x58 Drivers/STM32F7xx_HAL_Driver/Src/stm32f7xx_hal_i2c.o
 .text.I2C_WaitOnFlagUntilTimeout
                0x0000000008002a7c       0x4c Drivers/STM32F7xx_HAL_Driver/Src/stm32f7xx_hal_i2c.o
 .text.I2C_RequestMemoryWrite
                0x0000000008002ac8       0x84 Drivers/STM32F7xx_HAL_Driver/Src/stm32f7xx_hal_i2c.o
 .text.I2C_RequestMemoryRead
                0x0000000008002b4c       0x80 Drivers/STM32F7xx_HAL_Driver/Src/stm32f7xx_hal_i2c.o
 .text.I2C_WaitOnSTOPFlagUntilTimeout
                0x0000000008002bcc       0x50 Drivers/STM32F7xx_HAL_Driver/Src/stm32f7xx_hal_i2c.o
 .text.HAL_I2C_MspInit
                0x0000000008002c1c        0x4 Drivers/STM32F7xx_HAL_Driver/Src/stm32f7xx_hal_i2c.o
                0x0000000008002c1c                HAL_I2C_MspInit
 .text.HAL_I2C_Init
                0x0000000008002c20       0xbc Drivers/STM32F7xx_HAL_Driver/Src/stm32f7xx_hal_i2c.o
                0x0000000008002c20                HAL_I2C_Init
 .text.HAL_I2C_MspDeInit
                0x0000000008002cdc        0x4 Drivers/STM32F7xx_HAL_Driver/Src/stm32f7xx_hal_i2c.o
                0x0000000008002cdc                HAL_I2C_MspDeInit
 .text.HAL_I2C_DeInit
                0x0000000008002ce0       0x34 Drivers/STM32F7xx_HAL_Driver/Src/stm32f7xx_hal_i2c.o
                0x0000000008002ce0                HAL_I2C_DeInit
 .text.HAL_I2C_Mem_Write
                0x0000000008002d14      0x1c8 Drivers/STM32F7xx_HAL_Driver/Src/stm32f7xx_hal_i2c.o
                0x0000000008002d14                HAL_I2C_Mem_Write
 .text.HAL_I2C_Mem_Read
                0x0000000008002edc      0x1c4 Drivers/STM32F7xx_HAL_Driver/Src/stm32f7xx_hal_i2c.o
                0x0000000008002edc                HAL_I2C_Mem_Read
 .text.HAL_I2C_GetState
                0x00000000080030a0        0x8 Drivers/STM32F7xx_HAL_Driver/Src/stm32f7xx_hal_i2c.o
                0x00000000080030a0                HAL_I2C_GetState
 .text.LTDC_SetConfig
                0x00000000080030a8      0x194 Drivers/STM32F7xx_HAL_Driver/Src/stm32f7xx_hal_ltdc.o
 .text.HAL_LTDC_MspInit
                0x000000000800323c        0x4 Drivers/STM32F7xx_HAL_Driver/Src/stm32f7xx_hal_ltdc.o
                0x000000000800323c                HAL_LTDC_MspInit
 .text.HAL_LTDC_Init
                0x0000000008003240      0x100 Drivers/STM32F7xx_HAL_Driver/Src/stm32f7xx_hal_ltdc.o
                0x0000000008003240                HAL_LTDC_Init
 .text.HAL_LTDC_ConfigLayer
                0x0000000008003340       0x5c Drivers/STM32F7xx_HAL_Driver/Src/stm32f7xx_hal_ltdc.o
                0x0000000008003340                HAL_LTDC_ConfigLayer
 .text.HAL_LTDC_SetAlpha
                0x000000000800339c       0x44 Drivers/STM32F7xx_HAL_Driver/Src/stm32f7xx_hal_ltdc.o
                0x000000000800339c                HAL_LTDC_SetAlpha
 .text.HAL_LTDC_StructInitFromVideoConfig
                0x00000000080033e0       0x5c Drivers/STM32F7xx_HAL_Driver/Src/stm32f7xx_hal_ltdc_ex.o
                0x00000000080033e0                HAL_LTDC_StructInitFromVideoConfig
 .text.HAL_PWREx_EnableOverDrive
                0x000000000800343c       0x80 Drivers/STM32F7xx_HAL_Driver/Src/stm32f7xx_hal_pwr_ex.o
                0x000000000800343c                HAL_PWREx_EnableOverDrive
 .text.QSPI_Config
                0x00000000080034bc      0x1ec Drivers/STM32F7xx_HAL_Driver/Src/stm32f7xx_hal_qspi.o
 .text.QSPI_WaitFlagStateUntilTimeout
                0x00000000080036a8       0x50 Drivers/STM32F7xx_HAL_Driver/Src/stm32f7xx_hal_qspi.o
 .text.HAL_QSPI_MspInit
                0x00000000080036f8        0x4 Drivers/STM32F7xx_HAL_Driver/Src/stm32f7xx_hal_qspi.o
                0x00000000080036f8                HAL_QSPI_MspInit
 .text.HAL_QSPI_MspDeInit
                0x00000000080036fc        0x4 Drivers/STM32F7xx_HAL_Driver/Src/stm32f7xx_hal_qspi.o
                0x00000000080036fc                HAL_QSPI_MspDeInit
 .text.HAL_QSPI_DeInit
                0x0000000008003700       0x3c Drivers/STM32F7xx_HAL_Driver/Src/stm32f7xx_hal_qspi.o
                0x0000000008003700                HAL_QSPI_DeInit
 .text.HAL_QSPI_Command
                0x000000000800373c       0x94 Drivers/STM32F7xx_HAL_Driver/Src/stm32f7xx_hal_qspi.o
                0x000000000800373c                HAL_QSPI_Command
 .text.HAL_QSPI_Transmit
                0x00000000080037d0       0xc8 Drivers/STM32F7xx_HAL_Driver/Src/stm32f7xx_hal_qspi.o
                0x00000000080037d0                HAL_QSPI_Transmit
 .text.HAL_QSPI_Receive
                0x0000000008003898       0xd0 Drivers/STM32F7xx_HAL_Driver/Src/stm32f7xx_hal_qspi.o
                0x0000000008003898                HAL_QSPI_Receive
 .text.HAL_QSPI_AutoPolling
                0x0000000008003968       0xb4 Drivers/STM32F7xx_HAL_Driver/Src/stm32f7xx_hal_qspi.o
                0x0000000008003968                HAL_QSPI_AutoPolling
 .text.HAL_QSPI_MemoryMapped
                0x0000000008003a1c       0x90 Drivers/STM32F7xx_HAL_Driver/Src/stm32f7xx_hal_qspi.o
                0x0000000008003a1c                HAL_QSPI_MemoryMapped
 .text.HAL_QSPI_SetTimeout
                0x0000000008003aac        0x4 Drivers/STM32F7xx_HAL_Driver/Src/stm32f7xx_hal_qspi.o
                0x0000000008003aac                HAL_QSPI_SetTimeout
 .text.HAL_QSPI_Init
                0x0000000008003ab0       0xcc Drivers/STM32F7xx_HAL_Driver/Src/stm32f7xx_hal_qspi.o
                0x0000000008003ab0                HAL_QSPI_Init
 .text.HAL_RCC_OscConfig
                0x0000000008003b7c      0x440 Drivers/STM32F7xx_HAL_Driver/Src/stm32f7xx_hal_rcc.o
                0x0000000008003b7c                HAL_RCC_OscConfig
 .text.HAL_RCC_GetSysClockFreq
                0x0000000008003fbc       0xa4 Drivers/STM32F7xx_HAL_Driver/Src/stm32f7xx_hal_rcc.o
                0x0000000008003fbc                HAL_RCC_GetSysClockFreq
 .text.HAL_RCC_ClockConfig
                0x0000000008004060      0x194 Drivers/STM32F7xx_HAL_Driver/Src/stm32f7xx_hal_rcc.o
                0x0000000008004060                HAL_RCC_ClockConfig
 .text.HAL_RCC_GetHCLKFreq
                0x00000000080041f4        0xc Drivers/STM32F7xx_HAL_Driver/Src/stm32f7xx_hal_rcc.o
                0x00000000080041f4                HAL_RCC_GetHCLKFreq
 .text.HAL_RCC_GetPCLK1Freq
                0x0000000008004200       0x30 Drivers/STM32F7xx_HAL_Driver/Src/stm32f7xx_hal_rcc.o
                0x0000000008004200                HAL_RCC_GetPCLK1Freq
 .text.HAL_RCC_GetPCLK2Freq
                0x0000000008004230       0x30 Drivers/STM32F7xx_HAL_Driver/Src/stm32f7xx_hal_rcc.o
                0x0000000008004230                HAL_RCC_GetPCLK2Freq
 .text.HAL_RCCEx_PeriphCLKConfig
                0x0000000008004260      0x820 Drivers/STM32F7xx_HAL_Driver/Src/stm32f7xx_hal_rcc_ex.o
                0x0000000008004260                HAL_RCCEx_PeriphCLKConfig
 .text.HAL_SDRAM_MspInit
                0x0000000008004a80        0x4 Drivers/STM32F7xx_HAL_Driver/Src/stm32f7xx_hal_sdram.o
                0x0000000008004a80                HAL_SDRAM_MspInit
 .text.HAL_SDRAM_Init
                0x0000000008004a84       0x44 Drivers/STM32F7xx_HAL_Driver/Src/stm32f7xx_hal_sdram.o
                0x0000000008004a84                HAL_SDRAM_Init
 .text.HAL_SDRAM_SendCommand
                0x0000000008004ac8       0x3c Drivers/STM32F7xx_HAL_Driver/Src/stm32f7xx_hal_sdram.o
                0x0000000008004ac8                HAL_SDRAM_SendCommand
 .text.HAL_SDRAM_ProgramRefreshRate
                0x0000000008004b04       0x28 Drivers/STM32F7xx_HAL_Driver/Src/stm32f7xx_hal_sdram.o
                0x0000000008004b04                HAL_SDRAM_ProgramRefreshRate
 .text.UART_WaitOnFlagUntilTimeout
                0x0000000008004b2c       0x68 Drivers/STM32F7xx_HAL_Driver/Src/stm32f7xx_hal_uart.o
                0x0000000008004b2c                UART_WaitOnFlagUntilTimeout
 .text.HAL_UART_Transmit
                0x0000000008004b94       0xcc Drivers/STM32F7xx_HAL_Driver/Src/stm32f7xx_hal_uart.o
                0x0000000008004b94                HAL_UART_Transmit
 .text.UART_SetConfig
                0x0000000008004c60      0x364 Drivers/STM32F7xx_HAL_Driver/Src/stm32f7xx_hal_uart.o
                0x0000000008004c60                UART_SetConfig
 .text.UART_AdvFeatureConfig
                0x0000000008004fc4       0xc8 Drivers/STM32F7xx_HAL_Driver/Src/stm32f7xx_hal_uart.o
                0x0000000008004fc4                UART_AdvFeatureConfig
 .text.UART_CheckIdleState
                0x000000000800508c       0x48 Drivers/STM32F7xx_HAL_Driver/Src/stm32f7xx_hal_uart.o
                0x000000000800508c                UART_CheckIdleState
 .text.HAL_UART_Init
                0x00000000080050d4       0x6c Drivers/STM32F7xx_HAL_Driver/Src/stm32f7xx_hal_uart.o
                0x00000000080050d4                HAL_UART_Init
 .text.FMC_SDRAM_Init
                0x0000000008005140       0x78 Drivers/STM32F7xx_HAL_Driver/Src/stm32f7xx_ll_fmc.o
                0x0000000008005140                FMC_SDRAM_Init
 .text.FMC_SDRAM_Timing_Init
                0x00000000080051b8       0x9c Drivers/STM32F7xx_HAL_Driver/Src/stm32f7xx_ll_fmc.o
                0x00000000080051b8                FMC_SDRAM_Timing_Init
 .text.FMC_SDRAM_SendCommand
                0x0000000008005254       0x58 Drivers/STM32F7xx_HAL_Driver/Src/stm32f7xx_ll_fmc.o
                0x0000000008005254                FMC_SDRAM_SendCommand
 .text.FMC_SDRAM_ProgramRefreshRate
                0x00000000080052ac        0xc Drivers/STM32F7xx_HAL_Driver/Src/stm32f7xx_ll_fmc.o
                0x00000000080052ac                FMC_SDRAM_ProgramRefreshRate
 .text.MPU_Config
                0x00000000080052b8       0x54 Src/main.o
 .text.MX_GPIO_Init
                0x000000000800530c      0x5f4 Src/main.o
 .text.LCD_Config
                0x0000000008005900       0x64 Src/main.o
 .text.__io_putchar
                0x0000000008005964       0x24 Src/main.o
                0x0000000008005964                __io_putchar
 .text.Error_Handler
                0x0000000008005988        0x4 Src/main.o
                0x0000000008005988                Error_Handler
 .text.MX_USART1_UART_Init
                0x000000000800598c       0x38 Src/main.o
 .text.SystemClock_Config
                0x00000000080059c4       0xd4 Src/main.o
                0x00000000080059c4                SystemClock_Config
 .text.main     0x0000000008005a98      0x134 Src/main.o
                0x0000000008005a98                main
 .text.HAL_MspInit
                0x0000000008005bcc       0x60 Src/stm32f7xx_hal_msp.o
                0x0000000008005bcc                HAL_MspInit
 .text.HAL_UART_MspInit
                0x0000000008005c2c       0x68 Src/stm32f7xx_hal_msp.o
                0x0000000008005c2c                HAL_UART_MspInit
 .text.SysTick_Handler
                0x0000000008005c94        0xc Src/stm32f7xx_it.o
                0x0000000008005c94                SysTick_Handler
 .text._read    0x0000000008005ca0       0x20 Src/syscalls.o
                0x0000000008005ca0                _read
 .text._write   0x0000000008005cc0       0x1c Src/syscalls.o
                0x0000000008005cc0                _write
 .text._sbrk    0x0000000008005cdc       0x38 Src/syscalls.o
                0x0000000008005cdc                _sbrk
 .text._close   0x0000000008005d14        0x8 Src/syscalls.o
                0x0000000008005d14                _close
 .text._fstat   0x0000000008005d1c        0xc Src/syscalls.o
                0x0000000008005d1c                _fstat
 .text._isatty  0x0000000008005d28        0x4 Src/syscalls.o
                0x0000000008005d28                _isatty
 .text._lseek   0x0000000008005d2c        0x4 Src/syscalls.o
                0x0000000008005d2c                _lseek
 .text.SystemInit
                0x0000000008005d30       0x50 Src/system_stm32f7xx.o
                0x0000000008005d30                SystemInit
 .text.Reset_Handler
                0x0000000008005d80       0x50 startup/startup_stm32f769xx.o
                0x0000000008005d80                Reset_Handler
 .text.Default_Handler
                0x0000000008005dd0        0x2 startup/startup_stm32f769xx.o
                0x0000000008005dd0                DMA1_Stream3_IRQHandler
                0x0000000008005dd0                EXTI2_IRQHandler
                0x0000000008005dd0                TIM8_CC_IRQHandler
                0x0000000008005dd0                DebugMon_Handler
                0x0000000008005dd0                UART8_IRQHandler
                0x0000000008005dd0                SPI4_IRQHandler
                0x0000000008005dd0                TIM1_CC_IRQHandler
                0x0000000008005dd0                DMA2_Stream5_IRQHandler
                0x0000000008005dd0                HardFault_Handler
                0x0000000008005dd0                JPEG_IRQHandler
                0x0000000008005dd0                DMA1_Stream5_IRQHandler
                0x0000000008005dd0                CAN3_RX1_IRQHandler
                0x0000000008005dd0                PVD_IRQHandler
                0x0000000008005dd0                TAMP_STAMP_IRQHandler
                0x0000000008005dd0                PendSV_Handler
                0x0000000008005dd0                NMI_Handler
                0x0000000008005dd0                CAN2_RX1_IRQHandler
                0x0000000008005dd0                EXTI3_IRQHandler
                0x0000000008005dd0                TIM8_TRG_COM_TIM14_IRQHandler
                0x0000000008005dd0                DFSDM1_FLT1_IRQHandler
                0x0000000008005dd0                TIM1_UP_TIM10_IRQHandler
                0x0000000008005dd0                TIM8_UP_TIM13_IRQHandler
                0x0000000008005dd0                I2C3_ER_IRQHandler
                0x0000000008005dd0                DFSDM1_FLT2_IRQHandler
                0x0000000008005dd0                EXTI0_IRQHandler
                0x0000000008005dd0                I2C2_EV_IRQHandler
                0x0000000008005dd0                DMA1_Stream2_IRQHandler
                0x0000000008005dd0                CAN1_RX0_IRQHandler
                0x0000000008005dd0                FPU_IRQHandler
                0x0000000008005dd0                OTG_HS_WKUP_IRQHandler
                0x0000000008005dd0                CAN3_SCE_IRQHandler
                0x0000000008005dd0                UsageFault_Handler
                0x0000000008005dd0                LTDC_ER_IRQHandler
                0x0000000008005dd0                CAN2_SCE_IRQHandler
                0x0000000008005dd0                DMA2_Stream2_IRQHandler
                0x0000000008005dd0                SPI1_IRQHandler
                0x0000000008005dd0                TIM6_DAC_IRQHandler
                0x0000000008005dd0                TIM1_BRK_TIM9_IRQHandler
                0x0000000008005dd0                DCMI_IRQHandler
                0x0000000008005dd0                CAN2_RX0_IRQHandler
                0x0000000008005dd0                DMA2_Stream3_IRQHandler
                0x0000000008005dd0                SAI2_IRQHandler
                0x0000000008005dd0                DFSDM1_FLT3_IRQHandler
                0x0000000008005dd0                USART6_IRQHandler
                0x0000000008005dd0                CAN3_RX0_IRQHandler
                0x0000000008005dd0                USART3_IRQHandler
                0x0000000008005dd0                CAN1_RX1_IRQHandler
                0x0000000008005dd0                UART5_IRQHandler
                0x0000000008005dd0                DMA2_Stream0_IRQHandler
                0x0000000008005dd0                TIM4_IRQHandler
                0x0000000008005dd0                QUADSPI_IRQHandler
                0x0000000008005dd0                I2C1_EV_IRQHandler
                0x0000000008005dd0                DMA1_Stream6_IRQHandler
                0x0000000008005dd0                DMA1_Stream1_IRQHandler
                0x0000000008005dd0                UART4_IRQHandler
                0x0000000008005dd0                TIM3_IRQHandler
                0x0000000008005dd0                RCC_IRQHandler
                0x0000000008005dd0                TIM8_BRK_TIM12_IRQHandler
                0x0000000008005dd0                Default_Handler
                0x0000000008005dd0                CEC_IRQHandler
                0x0000000008005dd0                EXTI15_10_IRQHandler
                0x0000000008005dd0                ADC_IRQHandler
                0x0000000008005dd0                DMA1_Stream7_IRQHandler
                0x0000000008005dd0                SPI5_IRQHandler
                0x0000000008005dd0                TIM7_IRQHandler
                0x0000000008005dd0                SDMMC1_IRQHandler
                0x0000000008005dd0                CAN2_TX_IRQHandler
                0x0000000008005dd0                TIM5_IRQHandler
                0x0000000008005dd0                DMA2_Stream7_IRQHandler
                0x0000000008005dd0                I2C3_EV_IRQHandler
                0x0000000008005dd0                EXTI9_5_IRQHandler
                0x0000000008005dd0                RTC_WKUP_IRQHandler
                0x0000000008005dd0                LTDC_IRQHandler
                0x0000000008005dd0                ETH_WKUP_IRQHandler
                0x0000000008005dd0                SPDIF_RX_IRQHandler
                0x0000000008005dd0                SPI2_IRQHandler
                0x0000000008005dd0                OTG_HS_EP1_IN_IRQHandler
                0x0000000008005dd0                MemManage_Handler
                0x0000000008005dd0                DMA1_Stream0_IRQHandler
                0x0000000008005dd0                CAN1_TX_IRQHandler
                0x0000000008005dd0                SVC_Handler
                0x0000000008005dd0                EXTI4_IRQHandler
                0x0000000008005dd0                RNG_IRQHandler
                0x0000000008005dd0                DSI_IRQHandler
                0x0000000008005dd0                ETH_IRQHandler
                0x0000000008005dd0                OTG_HS_EP1_OUT_IRQHandler
                0x0000000008005dd0                WWDG_IRQHandler
                0x0000000008005dd0                SPI6_IRQHandler
                0x0000000008005dd0                MDIOS_IRQHandler
                0x0000000008005dd0                I2C4_EV_IRQHandler
                0x0000000008005dd0                CAN3_TX_IRQHandler
                0x0000000008005dd0                TIM2_IRQHandler
                0x0000000008005dd0                OTG_FS_WKUP_IRQHandler
                0x0000000008005dd0                TIM1_TRG_COM_TIM11_IRQHandler
                0x0000000008005dd0                OTG_HS_IRQHandler
                0x0000000008005dd0                DMA2D_IRQHandler
                0x0000000008005dd0                EXTI1_IRQHandler
                0x0000000008005dd0                SDMMC2_IRQHandler
                0x0000000008005dd0                UART7_IRQHandler
                0x0000000008005dd0                USART2_IRQHandler
                0x0000000008005dd0                DFSDM1_FLT0_IRQHandler
                0x0000000008005dd0                I2C2_ER_IRQHandler
                0x0000000008005dd0                DMA2_Stream1_IRQHandler
                0x0000000008005dd0                CAN1_SCE_IRQHandler
                0x0000000008005dd0                FLASH_IRQHandler
                0x0000000008005dd0                DMA2_Stream4_IRQHandler
                0x0000000008005dd0                BusFault_Handler
                0x0000000008005dd0                USART1_IRQHandler
                0x0000000008005dd0                OTG_FS_IRQHandler
                0x0000000008005dd0                SPI3_IRQHandler
                0x0000000008005dd0                DMA1_Stream4_IRQHandler
                0x0000000008005dd0                I2C1_ER_IRQHandler
                0x0000000008005dd0                FMC_IRQHandler
                0x0000000008005dd0                LPTIM1_IRQHandler
                0x0000000008005dd0                I2C4_ER_IRQHandler
                0x0000000008005dd0                DMA2_Stream6_IRQHandler
                0x0000000008005dd0                SAI1_IRQHandler
                0x0000000008005dd0                RTC_Alarm_IRQHandler
 *fill*         0x0000000008005dd2        0x2 
 .text.__errno  0x0000000008005dd4        0xc /Applications/Ac6/SystemWorkbench.app/Contents/Eclipse/plugins/fr.ac6.mcu.externaltools.arm-none.macos64_1.13.1.201703061524/tools/compiler/bin/../lib/gcc/arm-none-eabi/5.4.1/../../../../arm-none-eabi/lib/armv7e-m/fpu/fpv5-d16/libc_nano.a(lib_a-errno.o)
                0x0000000008005dd4                __errno
 .text.__libc_init_array
                0x0000000008005de0       0x4c /Applications/Ac6/SystemWorkbench.app/Contents/Eclipse/plugins/fr.ac6.mcu.externaltools.arm-none.macos64_1.13.1.201703061524/tools/compiler/bin/../lib/gcc/arm-none-eabi/5.4.1/../../../../arm-none-eabi/lib/armv7e-m/fpu/fpv5-d16/libc_nano.a(lib_a-init.o)
                0x0000000008005de0                __libc_init_array
 .text.memset   0x0000000008005e2c       0x10 /Applications/Ac6/SystemWorkbench.app/Contents/Eclipse/plugins/fr.ac6.mcu.externaltools.arm-none.macos64_1.13.1.201703061524/tools/compiler/bin/../lib/gcc/arm-none-eabi/5.4.1/../../../../arm-none-eabi/lib/armv7e-m/fpu/fpv5-d16/libc_nano.a(lib_a-memset.o)
                0x0000000008005e2c                memset
 .text._puts_r  0x0000000008005e3c       0xb4 /Applications/Ac6/SystemWorkbench.app/Contents/Eclipse/plugins/fr.ac6.mcu.externaltools.arm-none.macos64_1.13.1.201703061524/tools/compiler/bin/../lib/gcc/arm-none-eabi/5.4.1/../../../../arm-none-eabi/lib/armv7e-m/fpu/fpv5-d16/libc_nano.a(lib_a-puts.o)
                0x0000000008005e3c                _puts_r
 .text.puts     0x0000000008005ef0       0x10 /Applications/Ac6/SystemWorkbench.app/Contents/Eclipse/plugins/fr.ac6.mcu.externaltools.arm-none.macos64_1.13.1.201703061524/tools/compiler/bin/../lib/gcc/arm-none-eabi/5.4.1/../../../../arm-none-eabi/lib/armv7e-m/fpu/fpv5-d16/libc_nano.a(lib_a-puts.o)
                0x0000000008005ef0                puts
 .text.__swbuf_r
                0x0000000008005f00       0xa8 /Applications/Ac6/SystemWorkbench.app/Contents/Eclipse/plugins/fr.ac6.mcu.externaltools.arm-none.macos64_1.13.1.201703061524/tools/compiler/bin/../lib/gcc/arm-none-eabi/5.4.1/../../../../arm-none-eabi/lib/armv7e-m/fpu/fpv5-d16/libc_nano.a(lib_a-wbuf.o)
                0x0000000008005f00                __swbuf_r
 .text.__swsetup_r
                0x0000000008005fa8       0xdc /Applications/Ac6/SystemWorkbench.app/Contents/Eclipse/plugins/fr.ac6.mcu.externaltools.arm-none.macos64_1.13.1.201703061524/tools/compiler/bin/../lib/gcc/arm-none-eabi/5.4.1/../../../../arm-none-eabi/lib/armv7e-m/fpu/fpv5-d16/libc_nano.a(lib_a-wsetup.o)
                0x0000000008005fa8                __swsetup_r
 .text.__sflush_r
                0x0000000008006084      0x110 /Applications/Ac6/SystemWorkbench.app/Contents/Eclipse/plugins/fr.ac6.mcu.externaltools.arm-none.macos64_1.13.1.201703061524/tools/compiler/bin/../lib/gcc/arm-none-eabi/5.4.1/../../../../arm-none-eabi/lib/armv7e-m/fpu/fpv5-d16/libc_nano.a(lib_a-fflush.o)
                0x0000000008006084                __sflush_r
 .text._fflush_r
                0x0000000008006194       0x54 /Applications/Ac6/SystemWorkbench.app/Contents/Eclipse/plugins/fr.ac6.mcu.externaltools.arm-none.macos64_1.13.1.201703061524/tools/compiler/bin/../lib/gcc/arm-none-eabi/5.4.1/../../../../arm-none-eabi/lib/armv7e-m/fpu/fpv5-d16/libc_nano.a(lib_a-fflush.o)
                0x0000000008006194                _fflush_r
 .text._cleanup_r
                0x00000000080061e8        0xc /Applications/Ac6/SystemWorkbench.app/Contents/Eclipse/plugins/fr.ac6.mcu.externaltools.arm-none.macos64_1.13.1.201703061524/tools/compiler/bin/../lib/gcc/arm-none-eabi/5.4.1/../../../../arm-none-eabi/lib/armv7e-m/fpu/fpv5-d16/libc_nano.a(lib_a-findfp.o)
                0x00000000080061e8                _cleanup_r
 .text.std.isra.0
                0x00000000080061f4       0x48 /Applications/Ac6/SystemWorkbench.app/Contents/Eclipse/plugins/fr.ac6.mcu.externaltools.arm-none.macos64_1.13.1.201703061524/tools/compiler/bin/../lib/gcc/arm-none-eabi/5.4.1/../../../../arm-none-eabi/lib/armv7e-m/fpu/fpv5-d16/libc_nano.a(lib_a-findfp.o)
 .text.__sfmoreglue
                0x000000000800623c       0x2c /Applications/Ac6/SystemWorkbench.app/Contents/Eclipse/plugins/fr.ac6.mcu.externaltools.arm-none.macos64_1.13.1.201703061524/tools/compiler/bin/../lib/gcc/arm-none-eabi/5.4.1/../../../../arm-none-eabi/lib/armv7e-m/fpu/fpv5-d16/libc_nano.a(lib_a-findfp.o)
                0x000000000800623c                __sfmoreglue
 .text.__sinit  0x0000000008006268       0x60 /Applications/Ac6/SystemWorkbench.app/Contents/Eclipse/plugins/fr.ac6.mcu.externaltools.arm-none.macos64_1.13.1.201703061524/tools/compiler/bin/../lib/gcc/arm-none-eabi/5.4.1/../../../../arm-none-eabi/lib/armv7e-m/fpu/fpv5-d16/libc_nano.a(lib_a-findfp.o)
                0x0000000008006268                __sinit
 .text.__sfp    0x00000000080062c8       0x78 /Applications/Ac6/SystemWorkbench.app/Contents/Eclipse/plugins/fr.ac6.mcu.externaltools.arm-none.macos64_1.13.1.201703061524/tools/compiler/bin/../lib/gcc/arm-none-eabi/5.4.1/../../../../arm-none-eabi/lib/armv7e-m/fpu/fpv5-d16/libc_nano.a(lib_a-findfp.o)
                0x00000000080062c8                __sfp
 .text._fwalk_reent
                0x0000000008006340       0x3c /Applications/Ac6/SystemWorkbench.app/Contents/Eclipse/plugins/fr.ac6.mcu.externaltools.arm-none.macos64_1.13.1.201703061524/tools/compiler/bin/../lib/gcc/arm-none-eabi/5.4.1/../../../../arm-none-eabi/lib/armv7e-m/fpu/fpv5-d16/libc_nano.a(lib_a-fwalk.o)
                0x0000000008006340                _fwalk_reent
 .text.__swhatbuf_r
                0x000000000800637c       0x46 /Applications/Ac6/SystemWorkbench.app/Contents/Eclipse/plugins/fr.ac6.mcu.externaltools.arm-none.macos64_1.13.1.201703061524/tools/compiler/bin/../lib/gcc/arm-none-eabi/5.4.1/../../../../arm-none-eabi/lib/armv7e-m/fpu/fpv5-d16/libc_nano.a(lib_a-makebuf.o)
                0x000000000800637c                __swhatbuf_r
 *fill*         0x00000000080063c2        0x2 
 .text.__smakebuf_r
                0x00000000080063c4       0x78 /Applications/Ac6/SystemWorkbench.app/Contents/Eclipse/plugins/fr.ac6.mcu.externaltools.arm-none.macos64_1.13.1.201703061524/tools/compiler/bin/../lib/gcc/arm-none-eabi/5.4.1/../../../../arm-none-eabi/lib/armv7e-m/fpu/fpv5-d16/libc_nano.a(lib_a-makebuf.o)
                0x00000000080063c4                __smakebuf_r
 .text._free_r  0x000000000800643c       0x9c /Applications/Ac6/SystemWorkbench.app/Contents/Eclipse/plugins/fr.ac6.mcu.externaltools.arm-none.macos64_1.13.1.201703061524/tools/compiler/bin/../lib/gcc/arm-none-eabi/5.4.1/../../../../arm-none-eabi/lib/armv7e-m/fpu/fpv5-d16/libc_nano.a(lib_a-nano-freer.o)
                0x000000000800643c                _free_r
 .text._malloc_r
                0x00000000080064d8       0xbc /Applications/Ac6/SystemWorkbench.app/Contents/Eclipse/plugins/fr.ac6.mcu.externaltools.arm-none.macos64_1.13.1.201703061524/tools/compiler/bin/../lib/gcc/arm-none-eabi/5.4.1/../../../../arm-none-eabi/lib/armv7e-m/fpu/fpv5-d16/libc_nano.a(lib_a-nano-mallocr.o)
                0x00000000080064d8                _malloc_r
 .text._sbrk_r  0x0000000008006594       0x20 /Applications/Ac6/SystemWorkbench.app/Contents/Eclipse/plugins/fr.ac6.mcu.externaltools.arm-none.macos64_1.13.1.201703061524/tools/compiler/bin/../lib/gcc/arm-none-eabi/5.4.1/../../../../arm-none-eabi/lib/armv7e-m/fpu/fpv5-d16/libc_nano.a(lib_a-sbrkr.o)
                0x0000000008006594                _sbrk_r
 .text.__sread  0x00000000080065b4       0x22 /Applications/Ac6/SystemWorkbench.app/Contents/Eclipse/plugins/fr.ac6.mcu.externaltools.arm-none.macos64_1.13.1.201703061524/tools/compiler/bin/../lib/gcc/arm-none-eabi/5.4.1/../../../../arm-none-eabi/lib/armv7e-m/fpu/fpv5-d16/libc_nano.a(lib_a-stdio.o)
                0x00000000080065b4                __sread
 .text.__swrite
                0x00000000080065d6       0x38 /Applications/Ac6/SystemWorkbench.app/Contents/Eclipse/plugins/fr.ac6.mcu.externaltools.arm-none.macos64_1.13.1.201703061524/tools/compiler/bin/../lib/gcc/arm-none-eabi/5.4.1/../../../../arm-none-eabi/lib/armv7e-m/fpu/fpv5-d16/libc_nano.a(lib_a-stdio.o)
                0x00000000080065d6                __swrite
 .text.__sseek  0x000000000800660e       0x24 /Applications/Ac6/SystemWorkbench.app/Contents/Eclipse/plugins/fr.ac6.mcu.externaltools.arm-none.macos64_1.13.1.201703061524/tools/compiler/bin/../lib/gcc/arm-none-eabi/5.4.1/../../../../arm-none-eabi/lib/armv7e-m/fpu/fpv5-d16/libc_nano.a(lib_a-stdio.o)
                0x000000000800660e                __sseek
 .text.__sclose
                0x0000000008006632        0x8 /Applications/Ac6/SystemWorkbench.app/Contents/Eclipse/plugins/fr.ac6.mcu.externaltools.arm-none.macos64_1.13.1.201703061524/tools/compiler/bin/../lib/gcc/arm-none-eabi/5.4.1/../../../../arm-none-eabi/lib/armv7e-m/fpu/fpv5-d16/libc_nano.a(lib_a-stdio.o)
                0x0000000008006632                __sclose
 *fill*         0x000000000800663a        0x2 
 .text._write_r
                0x000000000800663c       0x24 /Applications/Ac6/SystemWorkbench.app/Contents/Eclipse/plugins/fr.ac6.mcu.externaltools.arm-none.macos64_1.13.1.201703061524/tools/compiler/bin/../lib/gcc/arm-none-eabi/5.4.1/../../../../arm-none-eabi/lib/armv7e-m/fpu/fpv5-d16/libc_nano.a(lib_a-writer.o)
                0x000000000800663c                _write_r
 .text._close_r
                0x0000000008006660       0x20 /Applications/Ac6/SystemWorkbench.app/Contents/Eclipse/plugins/fr.ac6.mcu.externaltools.arm-none.macos64_1.13.1.201703061524/tools/compiler/bin/../lib/gcc/arm-none-eabi/5.4.1/../../../../arm-none-eabi/lib/armv7e-m/fpu/fpv5-d16/libc_nano.a(lib_a-closer.o)
                0x0000000008006660                _close_r
 .text._fstat_r
                0x0000000008006680       0x24 /Applications/Ac6/SystemWorkbench.app/Contents/Eclipse/plugins/fr.ac6.mcu.externaltools.arm-none.macos64_1.13.1.201703061524/tools/compiler/bin/../lib/gcc/arm-none-eabi/5.4.1/../../../../arm-none-eabi/lib/armv7e-m/fpu/fpv5-d16/libc_nano.a(lib_a-fstatr.o)
                0x0000000008006680                _fstat_r
 .text._isatty_r
                0x00000000080066a4       0x20 /Applications/Ac6/SystemWorkbench.app/Contents/Eclipse/plugins/fr.ac6.mcu.externaltools.arm-none.macos64_1.13.1.201703061524/tools/compiler/bin/../lib/gcc/arm-none-eabi/5.4.1/../../../../arm-none-eabi/lib/armv7e-m/fpu/fpv5-d16/libc_nano.a(lib_a-isattyr.o)
                0x00000000080066a4                _isatty_r
 .text._lseek_r
                0x00000000080066c4       0x24 /Applications/Ac6/SystemWorkbench.app/Contents/Eclipse/plugins/fr.ac6.mcu.externaltools.arm-none.macos64_1.13.1.201703061524/tools/compiler/bin/../lib/gcc/arm-none-eabi/5.4.1/../../../../arm-none-eabi/lib/armv7e-m/fpu/fpv5-d16/libc_nano.a(lib_a-lseekr.o)
                0x00000000080066c4                _lseek_r
 .text.__malloc_lock
                0x00000000080066e8        0x2 /Applications/Ac6/SystemWorkbench.app/Contents/Eclipse/plugins/fr.ac6.mcu.externaltools.arm-none.macos64_1.13.1.201703061524/tools/compiler/bin/../lib/gcc/arm-none-eabi/5.4.1/../../../../arm-none-eabi/lib/armv7e-m/fpu/fpv5-d16/libc_nano.a(lib_a-mlock.o)
                0x00000000080066e8                __malloc_lock
 .text.__malloc_unlock
                0x00000000080066ea        0x2 /Applications/Ac6/SystemWorkbench.app/Contents/Eclipse/plugins/fr.ac6.mcu.externaltools.arm-none.macos64_1.13.1.201703061524/tools/compiler/bin/../lib/gcc/arm-none-eabi/5.4.1/../../../../arm-none-eabi/lib/armv7e-m/fpu/fpv5-d16/libc_nano.a(lib_a-mlock.o)
                0x00000000080066ea                __malloc_unlock
 .text._read_r  0x00000000080066ec       0x24 /Applications/Ac6/SystemWorkbench.app/Contents/Eclipse/plugins/fr.ac6.mcu.externaltools.arm-none.macos64_1.13.1.201703061524/tools/compiler/bin/../lib/gcc/arm-none-eabi/5.4.1/../../../../arm-none-eabi/lib/armv7e-m/fpu/fpv5-d16/libc_nano.a(lib_a-readr.o)
                0x00000000080066ec                _read_r
 *(.glue_7)
 .glue_7        0x0000000008006710        0x0 linker stubs
 *(.glue_7t)
 .glue_7t       0x0000000008006710        0x0 linker stubs
 *(.eh_frame)
 .eh_frame      0x0000000008006710        0x0 /Applications/Ac6/SystemWorkbench.app/Contents/Eclipse/plugins/fr.ac6.mcu.externaltools.arm-none.macos64_1.13.1.201703061524/tools/compiler/bin/../lib/gcc/arm-none-eabi/5.4.1/armv7e-m/fpu/fpv5-d16/crtbegin.o
 *(.init)
 .init          0x0000000008006710        0x4 /Applications/Ac6/SystemWorkbench.app/Contents/Eclipse/plugins/fr.ac6.mcu.externaltools.arm-none.macos64_1.13.1.201703061524/tools/compiler/bin/../lib/gcc/arm-none-eabi/5.4.1/armv7e-m/fpu/fpv5-d16/crti.o
                0x0000000008006710                _init
 .init          0x0000000008006714        0x8 /Applications/Ac6/SystemWorkbench.app/Contents/Eclipse/plugins/fr.ac6.mcu.externaltools.arm-none.macos64_1.13.1.201703061524/tools/compiler/bin/../lib/gcc/arm-none-eabi/5.4.1/armv7e-m/fpu/fpv5-d16/crtn.o
 *(.fini)
 .fini          0x000000000800671c        0x4 /Applications/Ac6/SystemWorkbench.app/Contents/Eclipse/plugins/fr.ac6.mcu.externaltools.arm-none.macos64_1.13.1.201703061524/tools/compiler/bin/../lib/gcc/arm-none-eabi/5.4.1/armv7e-m/fpu/fpv5-d16/crti.o
                0x000000000800671c                _fini
 .fini          0x0000000008006720        0x8 /Applications/Ac6/SystemWorkbench.app/Contents/Eclipse/plugins/fr.ac6.mcu.externaltools.arm-none.macos64_1.13.1.201703061524/tools/compiler/bin/../lib/gcc/arm-none-eabi/5.4.1/armv7e-m/fpu/fpv5-d16/crtn.o
                0x0000000008006728                . = ALIGN (0x4)
                0x0000000008006728                _etext = .

.vfp11_veneer   0x0000000008006728        0x0
 .vfp11_veneer  0x0000000008006728        0x0 linker stubs

.v4_bx          0x0000000008006728        0x0
 .v4_bx         0x0000000008006728        0x0 linker stubs

.iplt           0x0000000008006728        0x0
 .iplt          0x0000000008006728        0x0 /Applications/Ac6/SystemWorkbench.app/Contents/Eclipse/plugins/fr.ac6.mcu.externaltools.arm-none.macos64_1.13.1.201703061524/tools/compiler/bin/../lib/gcc/arm-none-eabi/5.4.1/armv7e-m/fpu/fpv5-d16/crtbegin.o

.rodata         0x0000000008006728     0x3fa4
                0x0000000008006728                . = ALIGN (0x4)
 *(.rodata)
 .rodata        0x0000000008006728      0x20a Drivers/BSP/Components/otm8009a/otm8009a.o
                0x0000000008006728                ShortRegData1
                0x000000000800672c                lcdRegData1
                0x0000000008006730                ShortRegData2
                0x0000000008006734                lcdRegData2
                0x0000000008006738                ShortRegData3
                0x000000000800673c                ShortRegData4
                0x0000000008006740                ShortRegData5
                0x0000000008006744                ShortRegData6
                0x0000000008006748                ShortRegData7
                0x000000000800674c                ShortRegData8
                0x0000000008006750                ShortRegData9
                0x0000000008006754                ShortRegData10
                0x0000000008006758                ShortRegData11
                0x000000000800675c                ShortRegData12
                0x0000000008006760                ShortRegData13
                0x0000000008006764                ShortRegData14
                0x0000000008006768                ShortRegData15
                0x000000000800676c                ShortRegData16
                0x0000000008006770                ShortRegData17
                0x0000000008006774                ShortRegData18
                0x0000000008006778                ShortRegData19
                0x000000000800677c                lcdRegData5
                0x0000000008006780                ShortRegData20
                0x0000000008006784                ShortRegData21
                0x0000000008006788                ShortRegData22
                0x000000000800678c                ShortRegData23
                0x0000000008006790                ShortRegData24
                0x0000000008006794                ShortRegData25
                0x0000000008006798                ShortRegData26
                0x000000000800679c                ShortRegData27
                0x00000000080067a0                ShortRegData28
                0x00000000080067a4                lcdRegData6
                0x00000000080067a8                lcdRegData7
                0x00000000080067b0                ShortRegData29
                0x00000000080067b4                lcdRegData8
                0x00000000080067c4                ShortRegData30
                0x00000000080067c8                lcdRegData9
                0x00000000080067d8                ShortRegData31
                0x00000000080067dc                lcdRegData10
                0x00000000080067e8                ShortRegData32
                0x00000000080067ec                ShortRegData46
                0x00000000080067f0                lcdRegData11
                0x00000000080067fc                ShortRegData33
                0x0000000008006800                lcdRegData12
                0x0000000008006810                lcdRegData13
                0x0000000008006820                lcdRegData14
                0x000000000800682c                lcdRegData15
                0x000000000800683c                lcdRegData16
                0x000000000800684c                ShortRegData34
                0x0000000008006850                lcdRegData17
                0x000000000800685c                ShortRegData35
                0x0000000008006860                lcdRegData18
                0x000000000800686c                lcdRegData19
                0x0000000008006878                lcdRegData20
                0x0000000008006888                lcdRegData21
                0x0000000008006898                lcdRegData22
                0x00000000080068a4                lcdRegData23
                0x00000000080068b4                lcdRegData24
                0x00000000080068c4                ShortRegData47
                0x00000000080068c8                ShortRegData48
                0x00000000080068cc                ShortRegData49
                0x00000000080068d0                lcdRegData25
                0x00000000080068d4                lcdRegData3
                0x00000000080068e8                lcdRegData4
                0x00000000080068fc                ShortRegData36
                0x0000000008006900                ShortRegData37
                0x0000000008006904                ShortRegData38
                0x0000000008006908                ShortRegData39
                0x000000000800690c                lcdRegData27
                0x0000000008006914                lcdRegData28
                0x000000000800691c                ShortRegData40
                0x0000000008006920                ShortRegData41
                0x0000000008006924                ShortRegData42
                0x0000000008006928                ShortRegData43
                0x000000000800692c                ShortRegData44
                0x0000000008006930                ShortRegData45
 *fill*         0x0000000008006932        0x2 
 .rodata        0x0000000008006934     0x3cdc Drivers/BSP/STM32F769I-Discovery/stm32f769i_discovery_lcd.o
                0x0000000008006934                Font8_Table
                0x0000000008006c2c                Font12_Table
                0x00000000080070a0                Font16_Table
                0x0000000008007c80                Font20_Table
                0x0000000008008b58                Font24_Table
 .rodata        0x000000000800a610        0x8 Drivers/STM32F7xx_HAL_Driver/Src/stm32f7xx_hal_dma.o
 .rodata        0x000000000800a618        0x2 Src/main.o
 *fill*         0x000000000800a61a        0x2 
 .rodata        0x000000000800a61c       0x18 Src/system_stm32f7xx.o
                0x000000000800a61c                AHBPrescTable
                0x000000000800a62c                APBPrescTable
 *(.rodata*)
 .rodata.str1.4
                0x000000000800a634       0x34 Src/main.o
 .rodata._global_impure_ptr
                0x000000000800a668        0x4 /Applications/Ac6/SystemWorkbench.app/Contents/Eclipse/plugins/fr.ac6.mcu.externaltools.arm-none.macos64_1.13.1.201703061524/tools/compiler/bin/../lib/gcc/arm-none-eabi/5.4.1/../../../../arm-none-eabi/lib/armv7e-m/fpu/fpv5-d16/libc_nano.a(lib_a-impure.o)
                0x000000000800a668                _global_impure_ptr
 .rodata.__sf_fake_stdin
                0x000000000800a66c       0x20 /Applications/Ac6/SystemWorkbench.app/Contents/Eclipse/plugins/fr.ac6.mcu.externaltools.arm-none.macos64_1.13.1.201703061524/tools/compiler/bin/../lib/gcc/arm-none-eabi/5.4.1/../../../../arm-none-eabi/lib/armv7e-m/fpu/fpv5-d16/libc_nano.a(lib_a-findfp.o)
                0x000000000800a66c                __sf_fake_stdin
 .rodata.__sf_fake_stdout
                0x000000000800a68c       0x20 /Applications/Ac6/SystemWorkbench.app/Contents/Eclipse/plugins/fr.ac6.mcu.externaltools.arm-none.macos64_1.13.1.201703061524/tools/compiler/bin/../lib/gcc/arm-none-eabi/5.4.1/../../../../arm-none-eabi/lib/armv7e-m/fpu/fpv5-d16/libc_nano.a(lib_a-findfp.o)
                0x000000000800a68c                __sf_fake_stdout
 .rodata.__sf_fake_stderr
                0x000000000800a6ac       0x20 /Applications/Ac6/SystemWorkbench.app/Contents/Eclipse/plugins/fr.ac6.mcu.externaltools.arm-none.macos64_1.13.1.201703061524/tools/compiler/bin/../lib/gcc/arm-none-eabi/5.4.1/../../../../arm-none-eabi/lib/armv7e-m/fpu/fpv5-d16/libc_nano.a(lib_a-findfp.o)
                0x000000000800a6ac                __sf_fake_stderr
                0x000000000800a6cc                . = ALIGN (0x4)

.rel.dyn        0x000000000800a6cc        0x0
 .rel.iplt      0x000000000800a6cc        0x0 /Applications/Ac6/SystemWorkbench.app/Contents/Eclipse/plugins/fr.ac6.mcu.externaltools.arm-none.macos64_1.13.1.201703061524/tools/compiler/bin/../lib/gcc/arm-none-eabi/5.4.1/armv7e-m/fpu/fpv5-d16/crtbegin.o

.ARM.extab
 *(.ARM.extab* .gnu.linkonce.armextab.*)

.ARM            0x000000000800a6cc        0x0
                0x000000000800a6cc                __exidx_start = .
 *(.ARM.exidx*)
                0x000000000800a6cc                __exidx_end = .

.preinit_array  0x000000000800a6cc        0x0
                0x000000000800a6cc                PROVIDE (__preinit_array_start, .)
 *(.preinit_array*)
                0x000000000800a6cc                PROVIDE (__preinit_array_end, .)

.init_array     0x000000000800a6cc        0x4
                0x000000000800a6cc                PROVIDE (__init_array_start, .)
 *(SORT(.init_array.*))
 *(.init_array*)
 .init_array    0x000000000800a6cc        0x4 /Applications/Ac6/SystemWorkbench.app/Contents/Eclipse/plugins/fr.ac6.mcu.externaltools.arm-none.macos64_1.13.1.201703061524/tools/compiler/bin/../lib/gcc/arm-none-eabi/5.4.1/armv7e-m/fpu/fpv5-d16/crtbegin.o
                0x000000000800a6d0                PROVIDE (__init_array_end, .)

.fini_array     0x000000000800a6d0        0x4
                [!provide]                        PROVIDE (__fini_array_start, .)
 *(SORT(.fini_array.*))
 *(.fini_array*)
 .fini_array    0x000000000800a6d0        0x4 /Applications/Ac6/SystemWorkbench.app/Contents/Eclipse/plugins/fr.ac6.mcu.externaltools.arm-none.macos64_1.13.1.201703061524/tools/compiler/bin/../lib/gcc/arm-none-eabi/5.4.1/armv7e-m/fpu/fpv5-d16/crtbegin.o
                [!provide]                        PROVIDE (__fini_array_end, .)
                0x000000000800a6d4                _sidata = LOADADDR (.data)

.data           0x0000000020000000       0xc4 load address 0x000000000800a6d4
                0x0000000020000000                . = ALIGN (0x4)
                0x0000000020000000                _sdata = .
 *(.data)
 .data          0x0000000020000000       0x28 Drivers/BSP/Components/ft6x06/ft6x06.o
                0x0000000020000000                ft6x06_ts_drv
 .data          0x0000000020000028       0x30 Drivers/BSP/STM32F769I-Discovery/stm32f769i_discovery_lcd.o
                0x0000000020000028                lcd_x_size
                0x000000002000002c                lcd_y_size
                0x0000000020000030                Font24
                0x0000000020000038                Font8
                0x0000000020000040                Font12
                0x0000000020000048                Font16
                0x0000000020000050                Font20
 .data          0x0000000020000058        0x2 Drivers/BSP/STM32F769I-Discovery/stm32f769i_discovery_sdram.o
 *fill*         0x000000002000005a        0x2 
 .data          0x000000002000005c        0x4 Src/system_stm32f7xx.o
                0x000000002000005c                SystemCoreClock
 *(.data*)
 .data.impure_data
                0x0000000020000060       0x60 /Applications/Ac6/SystemWorkbench.app/Contents/Eclipse/plugins/fr.ac6.mcu.externaltools.arm-none.macos64_1.13.1.201703061524/tools/compiler/bin/../lib/gcc/arm-none-eabi/5.4.1/../../../../arm-none-eabi/lib/armv7e-m/fpu/fpv5-d16/libc_nano.a(lib_a-impure.o)
 .data._impure_ptr
                0x00000000200000c0        0x4 /Applications/Ac6/SystemWorkbench.app/Contents/Eclipse/plugins/fr.ac6.mcu.externaltools.arm-none.macos64_1.13.1.201703061524/tools/compiler/bin/../lib/gcc/arm-none-eabi/5.4.1/../../../../arm-none-eabi/lib/armv7e-m/fpu/fpv5-d16/libc_nano.a(lib_a-impure.o)
                0x00000000200000c0                _impure_ptr
                0x00000000200000c4                . = ALIGN (0x4)
                0x00000000200000c4                _edata = .

.jcr            0x00000000200000c4        0x0 load address 0x000000000800a798
 .jcr           0x00000000200000c4        0x0 /Applications/Ac6/SystemWorkbench.app/Contents/Eclipse/plugins/fr.ac6.mcu.externaltools.arm-none.macos64_1.13.1.201703061524/tools/compiler/bin/../lib/gcc/arm-none-eabi/5.4.1/armv7e-m/fpu/fpv5-d16/crtbegin.o

.igot.plt       0x00000000200000c4        0x0 load address 0x000000000800a798
 .igot.plt      0x00000000200000c4        0x0 /Applications/Ac6/SystemWorkbench.app/Contents/Eclipse/plugins/fr.ac6.mcu.externaltools.arm-none.macos64_1.13.1.201703061524/tools/compiler/bin/../lib/gcc/arm-none-eabi/5.4.1/armv7e-m/fpu/fpv5-d16/crtbegin.o
                0x00000000200000c4                . = ALIGN (0x4)

.bss            0x00000000200000c4      0x500 load address 0x000000000800a798
                0x00000000200000c4                _sbss = .
                0x00000000200000c4                __bss_start__ = _sbss
 *(.bss)
 .bss           0x00000000200000c4       0x1c /Applications/Ac6/SystemWorkbench.app/Contents/Eclipse/plugins/fr.ac6.mcu.externaltools.arm-none.macos64_1.13.1.201703061524/tools/compiler/bin/../lib/gcc/arm-none-eabi/5.4.1/armv7e-m/fpu/fpv5-d16/crtbegin.o
 .bss           0x00000000200000e0        0x7 Drivers/BSP/Components/ft6x06/ft6x06.o
                0x00000000200000e0                ft6x06
 *fill*         0x00000000200000e7        0x1 
 .bss           0x00000000200000e8       0x98 Drivers/BSP/STM32F769I-Discovery/stm32f769i_discovery.o
 .bss           0x0000000020000180      0x118 Drivers/BSP/STM32F769I-Discovery/stm32f769i_discovery_lcd.o
 .bss           0x0000000020000298       0xec Drivers/BSP/STM32F769I-Discovery/stm32f769i_discovery_sdram.o
 .bss           0x0000000020000384       0x1c Drivers/BSP/STM32F769I-Discovery/stm32f769i_discovery_ts.o
                0x0000000020000384                I2C_Address
 .bss           0x00000000200003a0        0x8 Src/syscalls.o
                0x00000000200003a4                __env
 *(.bss*)
 .bss.__malloc_sbrk_start
                0x00000000200003a8        0x4 /Applications/Ac6/SystemWorkbench.app/Contents/Eclipse/plugins/fr.ac6.mcu.externaltools.arm-none.macos64_1.13.1.201703061524/tools/compiler/bin/../lib/gcc/arm-none-eabi/5.4.1/../../../../arm-none-eabi/lib/armv7e-m/fpu/fpv5-d16/libc_nano.a(lib_a-nano-mallocr.o)
                0x00000000200003a8                __malloc_sbrk_start
 .bss.__malloc_free_list
                0x00000000200003ac        0x4 /Applications/Ac6/SystemWorkbench.app/Contents/Eclipse/plugins/fr.ac6.mcu.externaltools.arm-none.macos64_1.13.1.201703061524/tools/compiler/bin/../lib/gcc/arm-none-eabi/5.4.1/../../../../arm-none-eabi/lib/armv7e-m/fpu/fpv5-d16/libc_nano.a(lib_a-nano-mallocr.o)
                0x00000000200003ac                __malloc_free_list
 *(COMMON)
 COMMON         0x00000000200003b0      0x11c Drivers/BSP/STM32F769I-Discovery/stm32f769i_discovery_lcd.o
                0x00000000200003b0                hdma2d_discovery
                0x0000000020000408                hltdc_discovery
                0x00000000200004b0                hdsi_discovery
 COMMON         0x00000000200004cc       0x4c Drivers/BSP/STM32F769I-Discovery/stm32f769i_discovery_qspi.o
                0x00000000200004cc                QSPIHandle
 COMMON         0x0000000020000518       0x34 Drivers/BSP/STM32F769I-Discovery/stm32f769i_discovery_sdram.o
                0x0000000020000518                sdramHandle
 COMMON         0x000000002000054c        0x4 Drivers/STM32F7xx_HAL_Driver/Src/stm32f7xx_hal.o
                0x000000002000054c                uwTick
 COMMON         0x0000000020000550       0x70 Src/main.o
                0x0000000020000550                huart1
 COMMON         0x00000000200005c0        0x4 /Applications/Ac6/SystemWorkbench.app/Contents/Eclipse/plugins/fr.ac6.mcu.externaltools.arm-none.macos64_1.13.1.201703061524/tools/compiler/bin/../lib/gcc/arm-none-eabi/5.4.1/../../../../arm-none-eabi/lib/armv7e-m/fpu/fpv5-d16/libc_nano.a(lib_a-reent.o)
                0x00000000200005c0                errno
                0x00000000200005c4                . = ALIGN (0x4)
                0x00000000200005c4                _ebss = .
                0x00000000200005c4                __bss_end__ = _ebss

._user_heap_stack
                0x00000000200005c4     0xb004 load address 0x000000000800a798
                0x00000000200005c8                . = ALIGN (0x8)
 *fill*         0x00000000200005c4        0x4 
                0x00000000200005c8                PROVIDE (end, .)
                [!provide]                        PROVIDE (_end, .)
                0x00000000200095c8                . = (. + _Min_Heap_Size)
 *fill*         0x00000000200005c8     0x9000 
                0x000000002000b5c8                . = (. + _Min_Stack_Size)
 *fill*         0x00000000200095c8     0x2000 
                0x000000002000b5c8                . = ALIGN (0x8)

/DISCARD/
 libc.a(*)
 libm.a(*)
 libgcc.a(*)

.ARM.attributes
                0x0000000000000000       0x2e
 *(.ARM.attributes)
 .ARM.attributes
                0x0000000000000000       0x20 /Applications/Ac6/SystemWorkbench.app/Contents/Eclipse/plugins/fr.ac6.mcu.externaltools.arm-none.macos64_1.13.1.201703061524/tools/compiler/bin/../lib/gcc/arm-none-eabi/5.4.1/armv7e-m/fpu/fpv5-d16/crti.o
 .ARM.attributes
                0x0000000000000020       0x32 /Applications/Ac6/SystemWorkbench.app/Contents/Eclipse/plugins/fr.ac6.mcu.externaltools.arm-none.macos64_1.13.1.201703061524/tools/compiler/bin/../lib/gcc/arm-none-eabi/5.4.1/armv7e-m/fpu/fpv5-d16/crtbegin.o
 .ARM.attributes
                0x0000000000000052       0x37 Drivers/BSP/Components/ft6x06/ft6x06.o
 .ARM.attributes
                0x0000000000000089       0x37 Drivers/BSP/Components/otm8009a/otm8009a.o
 .ARM.attributes
                0x00000000000000c0       0x37 Drivers/BSP/STM32F769I-Discovery/stm32f769i_discovery.o
 .ARM.attributes
                0x00000000000000f7       0x37 Drivers/BSP/STM32F769I-Discovery/stm32f769i_discovery_lcd.o
 .ARM.attributes
                0x000000000000012e       0x37 Drivers/BSP/STM32F769I-Discovery/stm32f769i_discovery_qspi.o
 .ARM.attributes
                0x0000000000000165       0x37 Drivers/BSP/STM32F769I-Discovery/stm32f769i_discovery_sdram.o
 .ARM.attributes
                0x000000000000019c       0x37 Drivers/BSP/STM32F769I-Discovery/stm32f769i_discovery_ts.o
 .ARM.attributes
                0x00000000000001d3       0x37 Drivers/STM32F7xx_HAL_Driver/Src/stm32f7xx_hal.o
 .ARM.attributes
                0x000000000000020a       0x37 Drivers/STM32F7xx_HAL_Driver/Src/stm32f7xx_hal_cortex.o
 .ARM.attributes
                0x0000000000000241       0x37 Drivers/STM32F7xx_HAL_Driver/Src/stm32f7xx_hal_dma.o
 .ARM.attributes
                0x0000000000000278       0x37 Drivers/STM32F7xx_HAL_Driver/Src/stm32f7xx_hal_dma2d.o
 .ARM.attributes
                0x00000000000002af       0x37 Drivers/STM32F7xx_HAL_Driver/Src/stm32f7xx_hal_dsi.o
 .ARM.attributes
                0x00000000000002e6       0x37 Drivers/STM32F7xx_HAL_Driver/Src/stm32f7xx_hal_gpio.o
 .ARM.attributes
                0x000000000000031d       0x37 Drivers/STM32F7xx_HAL_Driver/Src/stm32f7xx_hal_i2c.o
 .ARM.attributes
                0x0000000000000354       0x37 Drivers/STM32F7xx_HAL_Driver/Src/stm32f7xx_hal_ltdc.o
 .ARM.attributes
                0x000000000000038b       0x37 Drivers/STM32F7xx_HAL_Driver/Src/stm32f7xx_hal_ltdc_ex.o
 .ARM.attributes
                0x00000000000003c2       0x37 Drivers/STM32F7xx_HAL_Driver/Src/stm32f7xx_hal_pwr_ex.o
 .ARM.attributes
                0x00000000000003f9       0x37 Drivers/STM32F7xx_HAL_Driver/Src/stm32f7xx_hal_qspi.o
 .ARM.attributes
                0x0000000000000430       0x37 Drivers/STM32F7xx_HAL_Driver/Src/stm32f7xx_hal_rcc.o
 .ARM.attributes
                0x0000000000000467       0x37 Drivers/STM32F7xx_HAL_Driver/Src/stm32f7xx_hal_rcc_ex.o
 .ARM.attributes
                0x000000000000049e       0x37 Drivers/STM32F7xx_HAL_Driver/Src/stm32f7xx_hal_sdram.o
 .ARM.attributes
                0x00000000000004d5       0x37 Drivers/STM32F7xx_HAL_Driver/Src/stm32f7xx_hal_uart.o
 .ARM.attributes
                0x000000000000050c       0x37 Drivers/STM32F7xx_HAL_Driver/Src/stm32f7xx_ll_fmc.o
 .ARM.attributes
                0x0000000000000543       0x37 Src/main.o
 .ARM.attributes
                0x000000000000057a       0x37 Src/stm32f7xx_hal_msp.o
 .ARM.attributes
                0x00000000000005b1       0x37 Src/stm32f7xx_it.o
 .ARM.attributes
                0x00000000000005e8       0x37 Src/syscalls.o
 .ARM.attributes
                0x000000000000061f       0x37 Src/system_stm32f7xx.o
 .ARM.attributes
                0x0000000000000656       0x21 startup/startup_stm32f769xx.o
 .ARM.attributes
                0x0000000000000677       0x32 /Applications/Ac6/SystemWorkbench.app/Contents/Eclipse/plugins/fr.ac6.mcu.externaltools.arm-none.macos64_1.13.1.201703061524/tools/compiler/bin/../lib/gcc/arm-none-eabi/5.4.1/../../../../arm-none-eabi/lib/armv7e-m/fpu/fpv5-d16/libc_nano.a(lib_a-errno.o)
 .ARM.attributes
                0x00000000000006a9       0x32 /Applications/Ac6/SystemWorkbench.app/Contents/Eclipse/plugins/fr.ac6.mcu.externaltools.arm-none.macos64_1.13.1.201703061524/tools/compiler/bin/../lib/gcc/arm-none-eabi/5.4.1/../../../../arm-none-eabi/lib/armv7e-m/fpu/fpv5-d16/libc_nano.a(lib_a-impure.o)
 .ARM.attributes
                0x00000000000006db       0x32 /Applications/Ac6/SystemWorkbench.app/Contents/Eclipse/plugins/fr.ac6.mcu.externaltools.arm-none.macos64_1.13.1.201703061524/tools/compiler/bin/../lib/gcc/arm-none-eabi/5.4.1/../../../../arm-none-eabi/lib/armv7e-m/fpu/fpv5-d16/libc_nano.a(lib_a-init.o)
 .ARM.attributes
                0x000000000000070d       0x32 /Applications/Ac6/SystemWorkbench.app/Contents/Eclipse/plugins/fr.ac6.mcu.externaltools.arm-none.macos64_1.13.1.201703061524/tools/compiler/bin/../lib/gcc/arm-none-eabi/5.4.1/../../../../arm-none-eabi/lib/armv7e-m/fpu/fpv5-d16/libc_nano.a(lib_a-memset.o)
 .ARM.attributes
                0x000000000000073f       0x32 /Applications/Ac6/SystemWorkbench.app/Contents/Eclipse/plugins/fr.ac6.mcu.externaltools.arm-none.macos64_1.13.1.201703061524/tools/compiler/bin/../lib/gcc/arm-none-eabi/5.4.1/../../../../arm-none-eabi/lib/armv7e-m/fpu/fpv5-d16/libc_nano.a(lib_a-puts.o)
 .ARM.attributes
                0x0000000000000771       0x32 /Applications/Ac6/SystemWorkbench.app/Contents/Eclipse/plugins/fr.ac6.mcu.externaltools.arm-none.macos64_1.13.1.201703061524/tools/compiler/bin/../lib/gcc/arm-none-eabi/5.4.1/../../../../arm-none-eabi/lib/armv7e-m/fpu/fpv5-d16/libc_nano.a(lib_a-wbuf.o)
 .ARM.attributes
                0x00000000000007a3       0x32 /Applications/Ac6/SystemWorkbench.app/Contents/Eclipse/plugins/fr.ac6.mcu.externaltools.arm-none.macos64_1.13.1.201703061524/tools/compiler/bin/../lib/gcc/arm-none-eabi/5.4.1/../../../../arm-none-eabi/lib/armv7e-m/fpu/fpv5-d16/libc_nano.a(lib_a-wsetup.o)
 .ARM.attributes
                0x00000000000007d5       0x32 /Applications/Ac6/SystemWorkbench.app/Contents/Eclipse/plugins/fr.ac6.mcu.externaltools.arm-none.macos64_1.13.1.201703061524/tools/compiler/bin/../lib/gcc/arm-none-eabi/5.4.1/../../../../arm-none-eabi/lib/armv7e-m/fpu/fpv5-d16/libc_nano.a(lib_a-fflush.o)
 .ARM.attributes
                0x0000000000000807       0x32 /Applications/Ac6/SystemWorkbench.app/Contents/Eclipse/plugins/fr.ac6.mcu.externaltools.arm-none.macos64_1.13.1.201703061524/tools/compiler/bin/../lib/gcc/arm-none-eabi/5.4.1/../../../../arm-none-eabi/lib/armv7e-m/fpu/fpv5-d16/libc_nano.a(lib_a-findfp.o)
 .ARM.attributes
                0x0000000000000839       0x32 /Applications/Ac6/SystemWorkbench.app/Contents/Eclipse/plugins/fr.ac6.mcu.externaltools.arm-none.macos64_1.13.1.201703061524/tools/compiler/bin/../lib/gcc/arm-none-eabi/5.4.1/../../../../arm-none-eabi/lib/armv7e-m/fpu/fpv5-d16/libc_nano.a(lib_a-fwalk.o)
 .ARM.attributes
                0x000000000000086b       0x32 /Applications/Ac6/SystemWorkbench.app/Contents/Eclipse/plugins/fr.ac6.mcu.externaltools.arm-none.macos64_1.13.1.201703061524/tools/compiler/bin/../lib/gcc/arm-none-eabi/5.4.1/../../../../arm-none-eabi/lib/armv7e-m/fpu/fpv5-d16/libc_nano.a(lib_a-makebuf.o)
 .ARM.attributes
                0x000000000000089d       0x32 /Applications/Ac6/SystemWorkbench.app/Contents/Eclipse/plugins/fr.ac6.mcu.externaltools.arm-none.macos64_1.13.1.201703061524/tools/compiler/bin/../lib/gcc/arm-none-eabi/5.4.1/../../../../arm-none-eabi/lib/armv7e-m/fpu/fpv5-d16/libc_nano.a(lib_a-nano-freer.o)
 .ARM.attributes
                0x00000000000008cf       0x32 /Applications/Ac6/SystemWorkbench.app/Contents/Eclipse/plugins/fr.ac6.mcu.externaltools.arm-none.macos64_1.13.1.201703061524/tools/compiler/bin/../lib/gcc/arm-none-eabi/5.4.1/../../../../arm-none-eabi/lib/armv7e-m/fpu/fpv5-d16/libc_nano.a(lib_a-nano-mallocr.o)
 .ARM.attributes
                0x0000000000000901       0x32 /Applications/Ac6/SystemWorkbench.app/Contents/Eclipse/plugins/fr.ac6.mcu.externaltools.arm-none.macos64_1.13.1.201703061524/tools/compiler/bin/../lib/gcc/arm-none-eabi/5.4.1/../../../../arm-none-eabi/lib/armv7e-m/fpu/fpv5-d16/libc_nano.a(lib_a-sbrkr.o)
 .ARM.attributes
                0x0000000000000933       0x32 /Applications/Ac6/SystemWorkbench.app/Contents/Eclipse/plugins/fr.ac6.mcu.externaltools.arm-none.macos64_1.13.1.201703061524/tools/compiler/bin/../lib/gcc/arm-none-eabi/5.4.1/../../../../arm-none-eabi/lib/armv7e-m/fpu/fpv5-d16/libc_nano.a(lib_a-stdio.o)
 .ARM.attributes
                0x0000000000000965       0x32 /Applications/Ac6/SystemWorkbench.app/Contents/Eclipse/plugins/fr.ac6.mcu.externaltools.arm-none.macos64_1.13.1.201703061524/tools/compiler/bin/../lib/gcc/arm-none-eabi/5.4.1/../../../../arm-none-eabi/lib/armv7e-m/fpu/fpv5-d16/libc_nano.a(lib_a-writer.o)
 .ARM.attributes
                0x0000000000000997       0x32 /Applications/Ac6/SystemWorkbench.app/Contents/Eclipse/plugins/fr.ac6.mcu.externaltools.arm-none.macos64_1.13.1.201703061524/tools/compiler/bin/../lib/gcc/arm-none-eabi/5.4.1/../../../../arm-none-eabi/lib/armv7e-m/fpu/fpv5-d16/libc_nano.a(lib_a-closer.o)
 .ARM.attributes
                0x00000000000009c9       0x32 /Applications/Ac6/SystemWorkbench.app/Contents/Eclipse/plugins/fr.ac6.mcu.externaltools.arm-none.macos64_1.13.1.201703061524/tools/compiler/bin/../lib/gcc/arm-none-eabi/5.4.1/../../../../arm-none-eabi/lib/armv7e-m/fpu/fpv5-d16/libc_nano.a(lib_a-fstatr.o)
 .ARM.attributes
                0x00000000000009fb       0x32 /Applications/Ac6/SystemWorkbench.app/Contents/Eclipse/plugins/fr.ac6.mcu.externaltools.arm-none.macos64_1.13.1.201703061524/tools/compiler/bin/../lib/gcc/arm-none-eabi/5.4.1/../../../../arm-none-eabi/lib/armv7e-m/fpu/fpv5-d16/libc_nano.a(lib_a-isattyr.o)
 .ARM.attributes
                0x0000000000000a2d       0x32 /Applications/Ac6/SystemWorkbench.app/Contents/Eclipse/plugins/fr.ac6.mcu.externaltools.arm-none.macos64_1.13.1.201703061524/tools/compiler/bin/../lib/gcc/arm-none-eabi/5.4.1/../../../../arm-none-eabi/lib/armv7e-m/fpu/fpv5-d16/libc_nano.a(lib_a-lseekr.o)
 .ARM.attributes
                0x0000000000000a5f       0x32 /Applications/Ac6/SystemWorkbench.app/Contents/Eclipse/plugins/fr.ac6.mcu.externaltools.arm-none.macos64_1.13.1.201703061524/tools/compiler/bin/../lib/gcc/arm-none-eabi/5.4.1/../../../../arm-none-eabi/lib/armv7e-m/fpu/fpv5-d16/libc_nano.a(lib_a-mlock.o)
 .ARM.attributes
                0x0000000000000a91       0x32 /Applications/Ac6/SystemWorkbench.app/Contents/Eclipse/plugins/fr.ac6.mcu.externaltools.arm-none.macos64_1.13.1.201703061524/tools/compiler/bin/../lib/gcc/arm-none-eabi/5.4.1/../../../../arm-none-eabi/lib/armv7e-m/fpu/fpv5-d16/libc_nano.a(lib_a-readr.o)
 .ARM.attributes
                0x0000000000000ac3       0x32 /Applications/Ac6/SystemWorkbench.app/Contents/Eclipse/plugins/fr.ac6.mcu.externaltools.arm-none.macos64_1.13.1.201703061524/tools/compiler/bin/../lib/gcc/arm-none-eabi/5.4.1/../../../../arm-none-eabi/lib/armv7e-m/fpu/fpv5-d16/libc_nano.a(lib_a-reent.o)
 .ARM.attributes
                0x0000000000000af5       0x20 /Applications/Ac6/SystemWorkbench.app/Contents/Eclipse/plugins/fr.ac6.mcu.externaltools.arm-none.macos64_1.13.1.201703061524/tools/compiler/bin/../lib/gcc/arm-none-eabi/5.4.1/armv7e-m/fpu/fpv5-d16/crtn.o
OUTPUT(QSPI_Flash_to_LCD.elf elf32-littlearm)

.debug_info     0x0000000000000000    0x1fcca
 .debug_info    0x0000000000000000      0x546 Drivers/BSP/Components/ft6x06/ft6x06.o
 .debug_info    0x0000000000000546     0x126d Drivers/BSP/Components/otm8009a/otm8009a.o
 .debug_info    0x00000000000017b3     0x1bca Drivers/BSP/STM32F769I-Discovery/stm32f769i_discovery.o
 .debug_info    0x000000000000337d     0x37f3 Drivers/BSP/STM32F769I-Discovery/stm32f769i_discovery_lcd.o
 .debug_info    0x0000000000006b70     0x1cb7 Drivers/BSP/STM32F769I-Discovery/stm32f769i_discovery_qspi.o
 .debug_info    0x0000000000008827     0x12a9 Drivers/BSP/STM32F769I-Discovery/stm32f769i_discovery_sdram.o
 .debug_info    0x0000000000009ad0      0xb3b Drivers/BSP/STM32F769I-Discovery/stm32f769i_discovery_ts.o
 .debug_info    0x000000000000a60b      0x96f Drivers/STM32F7xx_HAL_Driver/Src/stm32f7xx_hal.o
 .debug_info    0x000000000000af7a     0x1177 Drivers/STM32F7xx_HAL_Driver/Src/stm32f7xx_hal_cortex.o
 .debug_info    0x000000000000c0f1      0xa64 Drivers/STM32F7xx_HAL_Driver/Src/stm32f7xx_hal_dma.o
 .debug_info    0x000000000000cb55     0x141c Drivers/STM32F7xx_HAL_Driver/Src/stm32f7xx_hal_dma2d.o
 .debug_info    0x000000000000df71     0x19e6 Drivers/STM32F7xx_HAL_Driver/Src/stm32f7xx_hal_dsi.o
 .debug_info    0x000000000000f957      0x75e Drivers/STM32F7xx_HAL_Driver/Src/stm32f7xx_hal_gpio.o
 .debug_info    0x00000000000100b5     0x318f Drivers/STM32F7xx_HAL_Driver/Src/stm32f7xx_hal_i2c.o
 .debug_info    0x0000000000013244     0x12e9 Drivers/STM32F7xx_HAL_Driver/Src/stm32f7xx_hal_ltdc.o
 .debug_info    0x000000000001452d      0x703 Drivers/STM32F7xx_HAL_Driver/Src/stm32f7xx_hal_ltdc_ex.o
 .debug_info    0x0000000000014c30      0x9e5 Drivers/STM32F7xx_HAL_Driver/Src/stm32f7xx_hal_pwr_ex.o
 .debug_info    0x0000000000015615     0x16cf Drivers/STM32F7xx_HAL_Driver/Src/stm32f7xx_hal_qspi.o
 .debug_info    0x0000000000016ce4      0xd5c Drivers/STM32F7xx_HAL_Driver/Src/stm32f7xx_hal_rcc.o
 .debug_info    0x0000000000017a40     0x1010 Drivers/STM32F7xx_HAL_Driver/Src/stm32f7xx_hal_rcc_ex.o
 .debug_info    0x0000000000018a50      0xda5 Drivers/STM32F7xx_HAL_Driver/Src/stm32f7xx_hal_sdram.o
 .debug_info    0x00000000000197f5     0x1806 Drivers/STM32F7xx_HAL_Driver/Src/stm32f7xx_hal_uart.o
 .debug_info    0x000000000001affb      0xc88 Drivers/STM32F7xx_HAL_Driver/Src/stm32f7xx_ll_fmc.o
 .debug_info    0x000000000001bc83     0x22e2 Src/main.o
 .debug_info    0x000000000001df65      0xd93 Src/stm32f7xx_hal_msp.o
 .debug_info    0x000000000001ecf8       0xeb Src/stm32f7xx_it.o
 .debug_info    0x000000000001ede3      0x76f Src/syscalls.o
 .debug_info    0x000000000001f552      0x6e9 Src/system_stm32f7xx.o
 .debug_info    0x000000000001fc3b       0x8f startup/startup_stm32f769xx.o

.debug_abbrev   0x0000000000000000     0x3a25
 .debug_abbrev  0x0000000000000000      0x1f1 Drivers/BSP/Components/ft6x06/ft6x06.o
 .debug_abbrev  0x00000000000001f1       0xf6 Drivers/BSP/Components/otm8009a/otm8009a.o
 .debug_abbrev  0x00000000000002e7      0x2dc Drivers/BSP/STM32F769I-Discovery/stm32f769i_discovery.o
 .debug_abbrev  0x00000000000005c3      0x2f5 Drivers/BSP/STM32F769I-Discovery/stm32f769i_discovery_lcd.o
 .debug_abbrev  0x00000000000008b8      0x2a7 Drivers/BSP/STM32F769I-Discovery/stm32f769i_discovery_qspi.o
 .debug_abbrev  0x0000000000000b5f      0x221 Drivers/BSP/STM32F769I-Discovery/stm32f769i_discovery_sdram.o
 .debug_abbrev  0x0000000000000d80      0x275 Drivers/BSP/STM32F769I-Discovery/stm32f769i_discovery_ts.o
 .debug_abbrev  0x0000000000000ff5      0x1d3 Drivers/STM32F7xx_HAL_Driver/Src/stm32f7xx_hal.o
 .debug_abbrev  0x00000000000011c8      0x2fe Drivers/STM32F7xx_HAL_Driver/Src/stm32f7xx_hal_cortex.o
 .debug_abbrev  0x00000000000014c6      0x28e Drivers/STM32F7xx_HAL_Driver/Src/stm32f7xx_hal_dma.o
 .debug_abbrev  0x0000000000001754      0x292 Drivers/STM32F7xx_HAL_Driver/Src/stm32f7xx_hal_dma2d.o
 .debug_abbrev  0x00000000000019e6      0x220 Drivers/STM32F7xx_HAL_Driver/Src/stm32f7xx_hal_dsi.o
 .debug_abbrev  0x0000000000001c06      0x1cd Drivers/STM32F7xx_HAL_Driver/Src/stm32f7xx_hal_gpio.o
 .debug_abbrev  0x0000000000001dd3      0x226 Drivers/STM32F7xx_HAL_Driver/Src/stm32f7xx_hal_i2c.o
 .debug_abbrev  0x0000000000001ff9      0x1f7 Drivers/STM32F7xx_HAL_Driver/Src/stm32f7xx_hal_ltdc.o
 .debug_abbrev  0x00000000000021f0      0x122 Drivers/STM32F7xx_HAL_Driver/Src/stm32f7xx_hal_ltdc_ex.o
 .debug_abbrev  0x0000000000002312      0x1e3 Drivers/STM32F7xx_HAL_Driver/Src/stm32f7xx_hal_pwr_ex.o
 .debug_abbrev  0x00000000000024f5      0x2a7 Drivers/STM32F7xx_HAL_Driver/Src/stm32f7xx_hal_qspi.o
 .debug_abbrev  0x000000000000279c      0x276 Drivers/STM32F7xx_HAL_Driver/Src/stm32f7xx_hal_rcc.o
 .debug_abbrev  0x0000000000002a12      0x21b Drivers/STM32F7xx_HAL_Driver/Src/stm32f7xx_hal_rcc_ex.o
 .debug_abbrev  0x0000000000002c2d      0x214 Drivers/STM32F7xx_HAL_Driver/Src/stm32f7xx_hal_sdram.o
 .debug_abbrev  0x0000000000002e41      0x251 Drivers/STM32F7xx_HAL_Driver/Src/stm32f7xx_hal_uart.o
 .debug_abbrev  0x0000000000003092      0x183 Drivers/STM32F7xx_HAL_Driver/Src/stm32f7xx_ll_fmc.o
 .debug_abbrev  0x0000000000003215      0x304 Src/main.o
 .debug_abbrev  0x0000000000003519      0x1a0 Src/stm32f7xx_hal_msp.o
 .debug_abbrev  0x00000000000036b9       0x99 Src/stm32f7xx_it.o
 .debug_abbrev  0x0000000000003752      0x1a1 Src/syscalls.o
 .debug_abbrev  0x00000000000038f3      0x120 Src/system_stm32f7xx.o
 .debug_abbrev  0x0000000000003a13       0x12 startup/startup_stm32f769xx.o

.debug_loc      0x0000000000000000    0x10f97
 .debug_loc     0x0000000000000000      0x221 Drivers/BSP/Components/ft6x06/ft6x06.o
 .debug_loc     0x0000000000000221       0x57 Drivers/BSP/Components/otm8009a/otm8009a.o
 .debug_loc     0x0000000000000278      0x955 Drivers/BSP/STM32F769I-Discovery/stm32f769i_discovery.o
 .debug_loc     0x0000000000000bcd     0x1fef Drivers/BSP/STM32F769I-Discovery/stm32f769i_discovery_lcd.o
 .debug_loc     0x0000000000002bbc      0x388 Drivers/BSP/STM32F769I-Discovery/stm32f769i_discovery_qspi.o
 .debug_loc     0x0000000000002f44      0x2f7 Drivers/BSP/STM32F769I-Discovery/stm32f769i_discovery_sdram.o
 .debug_loc     0x000000000000323b      0x143 Drivers/BSP/STM32F769I-Discovery/stm32f769i_discovery_ts.o
 .debug_loc     0x000000000000337e       0x6a Drivers/STM32F7xx_HAL_Driver/Src/stm32f7xx_hal.o
 .debug_loc     0x00000000000033e8      0x53a Drivers/STM32F7xx_HAL_Driver/Src/stm32f7xx_hal_cortex.o
 .debug_loc     0x0000000000003922      0xa7f Drivers/STM32F7xx_HAL_Driver/Src/stm32f7xx_hal_dma.o
 .debug_loc     0x00000000000043a1     0x112c Drivers/STM32F7xx_HAL_Driver/Src/stm32f7xx_hal_dma2d.o
 .debug_loc     0x00000000000054cd     0x17db Drivers/STM32F7xx_HAL_Driver/Src/stm32f7xx_hal_dsi.o
 .debug_loc     0x0000000000006ca8      0x38f Drivers/STM32F7xx_HAL_Driver/Src/stm32f7xx_hal_gpio.o
 .debug_loc     0x0000000000007037     0x3327 Drivers/STM32F7xx_HAL_Driver/Src/stm32f7xx_hal_i2c.o
 .debug_loc     0x000000000000a35e     0x16a1 Drivers/STM32F7xx_HAL_Driver/Src/stm32f7xx_hal_ltdc.o
 .debug_loc     0x000000000000b9ff       0x42 Drivers/STM32F7xx_HAL_Driver/Src/stm32f7xx_hal_ltdc_ex.o
 .debug_loc     0x000000000000ba41      0x262 Drivers/STM32F7xx_HAL_Driver/Src/stm32f7xx_hal_pwr_ex.o
 .debug_loc     0x000000000000bca3     0x1429 Drivers/STM32F7xx_HAL_Driver/Src/stm32f7xx_hal_qspi.o
 .debug_loc     0x000000000000d0cc      0x67b Drivers/STM32F7xx_HAL_Driver/Src/stm32f7xx_hal_rcc.o
 .debug_loc     0x000000000000d747      0x962 Drivers/STM32F7xx_HAL_Driver/Src/stm32f7xx_hal_rcc_ex.o
 .debug_loc     0x000000000000e0a9      0xc11 Drivers/STM32F7xx_HAL_Driver/Src/stm32f7xx_hal_sdram.o
 .debug_loc     0x000000000000ecba     0x148b Drivers/STM32F7xx_HAL_Driver/Src/stm32f7xx_hal_uart.o
 .debug_loc     0x0000000000010145      0x834 Drivers/STM32F7xx_HAL_Driver/Src/stm32f7xx_ll_fmc.o
 .debug_loc     0x0000000000010979       0xfd Src/main.o
 .debug_loc     0x0000000000010a76       0x4d Src/stm32f7xx_hal_msp.o
 .debug_loc     0x0000000000010ac3      0x3a2 Src/syscalls.o
 .debug_loc     0x0000000000010e65      0x132 Src/system_stm32f7xx.o

.debug_aranges  0x0000000000000000     0x14f8
 .debug_aranges
                0x0000000000000000       0x70 Drivers/BSP/Components/ft6x06/ft6x06.o
 .debug_aranges
                0x0000000000000070       0x28 Drivers/BSP/Components/otm8009a/otm8009a.o
 .debug_aranges
                0x0000000000000098      0x130 Drivers/BSP/STM32F769I-Discovery/stm32f769i_discovery.o
 .debug_aranges
                0x00000000000001c8      0x1b0 Drivers/BSP/STM32F769I-Discovery/stm32f769i_discovery_lcd.o
 .debug_aranges
                0x0000000000000378       0xb0 Drivers/BSP/STM32F769I-Discovery/stm32f769i_discovery_qspi.o
 .debug_aranges
                0x0000000000000428       0x68 Drivers/BSP/STM32F769I-Discovery/stm32f769i_discovery_sdram.o
 .debug_aranges
                0x0000000000000490       0x38 Drivers/BSP/STM32F769I-Discovery/stm32f769i_discovery_ts.o
 .debug_aranges
                0x00000000000004c8       0xe0 Drivers/STM32F7xx_HAL_Driver/Src/stm32f7xx_hal.o
 .debug_aranges
                0x00000000000005a8       0xa8 Drivers/STM32F7xx_HAL_Driver/Src/stm32f7xx_hal_cortex.o
 .debug_aranges
                0x0000000000000650       0x90 Drivers/STM32F7xx_HAL_Driver/Src/stm32f7xx_hal_dma.o
 .debug_aranges
                0x00000000000006e0      0x108 Drivers/STM32F7xx_HAL_Driver/Src/stm32f7xx_hal_dma2d.o
 .debug_aranges
                0x00000000000007e8      0x170 Drivers/STM32F7xx_HAL_Driver/Src/stm32f7xx_hal_dsi.o
 .debug_aranges
                0x0000000000000958       0x58 Drivers/STM32F7xx_HAL_Driver/Src/stm32f7xx_hal_gpio.o
 .debug_aranges
                0x00000000000009b0      0x260 Drivers/STM32F7xx_HAL_Driver/Src/stm32f7xx_hal_i2c.o
 .debug_aranges
                0x0000000000000c10      0x158 Drivers/STM32F7xx_HAL_Driver/Src/stm32f7xx_hal_ltdc.o
 .debug_aranges
                0x0000000000000d68       0x28 Drivers/STM32F7xx_HAL_Driver/Src/stm32f7xx_hal_ltdc_ex.o